python : 
test_decisions (unit
test.loader._FailedT
est.test_decisions) 
... ERROR
At line:1 char:1
+ python -m 
unittest discover 
-s tests -v 2>&1 | 
Out-File -Encoding 
utf ...
+ ~~~~~~~~~~~~~~~~~~
~~~~~~~~~~~~~~~~~~~~
~~~~~~
    + CategoryInfo  
            : NotS  
  pecified: (test   
 _decisions ...i    
ons) ... ERROR:    
String) [], Rem    
oteException
    + FullyQualifie 
   dErrorId : Nati  
  veCommandError
 
test_evaluation (uni
ttest.loader._Failed
Test.test_evaluation
) ... ERROR
test_cli_and_evidenc
e_compare_figure (te
st_evaluation_io.Cli
Test.test_cli_and_ev
idence_compare_figur
e) ... FAIL
test_forged_metadata
_config_id_rejected_
before_labels (test_
evaluation_io.Forged
RunMetadataTest.test
_forged_metadata_con
fig_id_rejected_befo
re_labels) ... ok
test_forged_metadata
_input_hash_rejected
_before_labels (test
_evaluation_io.Forge
dRunMetadataTest.tes
t_forged_metadata_in
put_hash_rejected_be
fore_labels) ... ok
test_forged_metadata
_run_id_rejected_bef
ore_labels (test_eva
luation_io.ForgedRun
MetadataTest.test_fo
rged_metadata_run_id
_rejected_before_lab
els) ... ok
test_fixed_validator
_still_rejects_defer
 (test_evaluation_io
.GenericLoaderTest.t
est_fixed_validator_
still_rejects_defer)
 ... ok
test_generic_accepts
_defer_varying_thres
hold (test_evaluatio
n_io.GenericLoaderTe
st.test_generic_acce
pts_defer_varying_th
reshold) ... ok
test_overwrite_refus
ed_before_side_effec
ts (test_evaluation_
io.OverwriteTest.tes
t_overwrite_refused_
before_side_effects)
 ... ok
test_provenance_fail
ure_leaves_no_partia
l_output (test_evalu
ation_io.PartialOutp
utTest.test_provenan
ce_failure_leaves_no
_partial_output) 
... ok
test_command_launche
r_rerun_shell_uses_v
env_unresolved (test
_evaluation_io.Prove
nanceTest.test_comma
nd_launcher_rerun_sh
ell_uses_venv_unreso
lved) ... FAIL
test_metadata_proven
ance_fields (test_ev
aluation_io.Provenan
ceTest.test_metadata
_provenance_fields) 
... ok
test_whitelist_cover
s_new_files (test_ev
aluation_io.Provenan
ceTest.test_whitelis
t_covers_new_files) 
... ok
test_compare_reports
_variable_fields (te
st_evaluation_io.Pro
venanceValidityTest.
test_compare_reports
_variable_fields) 
... ok
test_figure_refuses_
missing_provenance (
test_evaluation_io.P
rovenanceValidityTes
t.test_figure_refuse
s_missing_provenance
) ... ok
test_stripped_proven
ance_fails_status_bu
t_keeps_scientific (
test_evaluation_io.P
rovenanceValidityTes
t.test_stripped_prov
enance_fails_status_
but_keeps_scientific
) ... FAIL
test_distinct_label_
checksums_saved (tes
t_evaluation_io.RawI
ntegrityTest.test_di
stinct_label_checksu
ms_saved) ... FAIL
test_eval_copy_run_i
d_forgery_detected (
test_evaluation_io.R
awIntegrityTest.test
_eval_copy_run_id_fo
rgery_detected) ... 
ok
test_eval_source_run
_linkage_forgery_det
ected (test_evaluati
on_io.RawIntegrityTe
st.test_eval_source_
run_linkage_forgery_
detected) ... ok
test_entry_timestamp
_precedes_output_fil
es (test_evaluation_
io.ResourceScopeTest
.test_entry_timestam
p_precedes_output_fi
les) ... ok
test_scope_names_val
idation_and_hashing_
span (test_evaluatio
n_io.ResourceScopeTe
st.test_scope_names_
validation_and_hashi
ng_span) ... ok
test_evaluate_saved_
predictions_reusable
 (test_evaluation_io
.RoundtripTest.test_
evaluate_saved_predi
ctions_reusable) 
... ok
test_future_append_e
arlier_stable (test_
evaluation_io.Roundt
ripTest.test_future_
append_earlier_stabl
e) ... ok
test_label_changes_d
o_not_change_predict
ions_scorer_policy (
test_evaluation_io.R
oundtripTest.test_la
bel_changes_do_not_c
hange_predictions_sc
orer_policy) ... ok
test_pipeline_writer
_evaluation_roundtri
p_expected_scores (t
est_evaluation_io.Ro
undtripTest.test_pip
eline_writer_evaluat
ion_roundtrip_expect
ed_scores) ... ok
test_two_fresh_runs_
equal_eval_despite_r
un_id (test_evaluati
on_io.RoundtripTest.
test_two_fresh_runs_
equal_eval_despite_r
un_id) ... ok
test_schedule_mismat
ch_fails_before_side
_effects (test_evalu
ation_io.ScheduleMis
matchTest.test_sched
ule_mismatch_fails_b
efore_side_effects) 
... ok
test_rejects_nan_inf
inity_duplicate_keys
 (test_evaluation_io
.StrictJsonTest.test
_rejects_nan_infinit
y_duplicate_keys) 
... ok
test_write_rejects_n
onfinite (test_evalu
ation_io.StrictJsonT
est.test_write_rejec
ts_nonfinite) ... ok
test_run_config_dupl
icate_keys_rejected 
(test_evaluation_io.
StrictRunJsonTest.te
st_run_config_duplic
ate_keys_rejected) 
... ok
test_run_metadata_du
plicate_keys_rejecte
d (test_evaluation_i
o.StrictRunJsonTest.
test_run_metadata_du
plicate_keys_rejecte
d) ... ok
test_predictions_bef
ore_labels_ordering 
(test_evaluation_io.
TamperTest.test_pred
ictions_before_label
s_ordering) ... ok
test_tampered_labels
_predictions_hashes_
detected (test_evalu
ation_io.TamperTest.
test_tampered_labels
_predictions_hashes_
detected) ... ok
test_tampered_metric
_detected_and_both_f
orged (test_evaluati
on_io.TamperTest.tes
t_tampered_metric_de
tected_and_both_forg
ed) ... ok
test_both_runs_same_
invalid_fails_recomp
ute (test_evidence.C
ompareTest.test_both
_runs_same_invalid_f
ails_recompute) ... 
ok
test_cli_compare_and
_figure (test_eviden
ce.CompareTest.test_
cli_compare_and_figu
re) ... FAIL
test_differing_bound
ary_fails (test_evid
ence.CompareTest.tes
t_differing_boundary
_fails) ... ok
test_differing_confi
g_fails (test_eviden
ce.CompareTest.test_
differing_config_fai
ls) ... ok
test_differing_run_i
ds_pass_same_substan
tive (test_evidence.
CompareTest.test_dif
fering_run_ids_pass_
same_substantive) 
... ok
test_differing_score
_fails (test_evidenc
e.CompareTest.test_d
iffering_score_fails
) ... ok
test_differing_thres
hold_fails (test_evi
dence.CompareTest.te
st_differing_thresho
ld_fails) ... ok
test_existing_output
_preserved (test_evi
dence.CompareTest.te
st_existing_output_p
reserved) ... ok
test_git_branch_stat
us_recorded_varying 
(test_evidence.Compa
reTest.test_git_bran
ch_status_recorded_v
arying) ... ok
test_missing_metadat
a_fields_fails (test
_evidence.CompareTes
t.test_missing_metad
ata_fields_fails) 
... ok
test_report_requires
_valid_provenance (t
est_evidence.Compare
Test.test_report_req
uires_valid_provenan
ce) ... ok
test_resource_scope_
mismatch_fails (test
_evidence.CompareTes
t.test_resource_scop
e_mismatch_fails) 
... ok
test_figure_existing
_output_preserved (t
est_evidence.FigureT
est.test_figure_exis
ting_output_preserve
d) ... ok
test_figure_legend_a
nd_wrapped_caption (
test_evidence.Figure
Test.test_figure_leg
end_and_wrapped_capt
ion) ... ERROR
test_figure_rejects_
bad_schema_and_nonfi
nite (test_evidence.
FigureTest.test_figu
re_rejects_bad_schem
a_and_nonfinite) 
... ok
test_figure_rejects_
varying_thresholds_n
o_output (test_evide
nce.FigureTest.test_
figure_rejects_varyi
ng_thresholds_no_out
put) ... ok
test_hand_csv_end_in
dex_circles_labels_t
ies (test_evidence.F
igureTest.test_hand_
csv_end_index_circle
s_labels_ties) ... 
ERROR
test_parse_int_simpl
e (test_evidence.Fig
ureTest.test_parse_i
nt_simple) ... ok
test_hold_fixture_an
notations_trace_wind
ows (test_family_evi
dence.AnnotationWind
owTraceTest.test_hol
d_fixture_annotation
s_trace_windows) 
... ERROR
test_standard_fixtur
e_annotations_trace_
windows (test_family
_evidence.Annotation
WindowTraceTest.test
_standard_fixture_an
notations_trace_wind
ows) ... ERROR
test_equal_fresh_run
s_despite_provenance
_hashes (test_family
_evidence.CompareFam
iliesTest.test_equal
_fresh_runs_despite_
provenance_hashes) 
... ERROR
test_same_score_pred
ictions_mismatch_rej
ected (test_family_e
vidence.CompareFamil
iesTest.test_same_sc
ore_predictions_mism
atch_rejected) ... 
ERROR
test_same_score_stat
e_mismatch_rejected 
(test_family_evidenc
e.CompareFamiliesTes
t.test_same_score_st
ate_mismatch_rejecte
d) ... ERROR
test_write_compariso
n_no_overwrite (test
_family_evidence.Com
pareFamiliesTest.tes
t_write_comparison_n
o_overwrite) ... 
ERROR
test_cli_compare_tab
le_figure (test_fami
ly_evidence.FamilyCl
iTest.test_cli_compa
re_table_figure) 
... ERROR
test_all_text_inside
_canvas_and_wrapped 
(test_family_evidenc
e.FamilyFigureGeomet
ryTest.test_all_text
_inside_canvas_and_w
rapped) ... ERROR
test_held_forward_in
tervals_drawn_with_w
indow_ids (test_fami
ly_evidence.FamilyFi
gureGeometryTest.tes
t_held_forward_inter
vals_drawn_with_wind
ow_ids) ... ERROR
test_horizon_and_war
mup_cover_all_lanes 
(test_family_evidenc
e.FamilyFigureGeomet
ryTest.test_horizon_
and_warmup_cover_all
_lanes) ... ERROR
test_figure_parses_a
nd_episodes_match_sa
ved_bounds (test_fam
ily_evidence.FamilyF
igureTest.test_figur
e_parses_and_episode
s_match_saved_bounds
) ... ERROR
test_figure_tamper_r
efuses_and_no_overwr
ite (test_family_evi
dence.FamilyFigureTe
st.test_figure_tampe
r_refuses_and_no_ove
rwrite) ... ERROR
test_table_rows_anno
tations_and_feasible
 (test_family_eviden
ce.FamilyTableTest.t
est_table_rows_annot
ations_and_feasible)
 ... ERROR
test_table_tamper_re
fuses_and_no_overwri
te (test_family_evid
ence.FamilyTableTest
.test_table_tamper_r
efuses_and_no_overwr
ite) ... ERROR
test_hand_spike_then
_low_forward_interva
ls (test_family_evid
ence.HeldIntervalHel
perTest.test_hand_sp
ike_then_low_forward
_intervals) ... ok
test_deferral_rate_e
xact_zero_of_8 (test
_family_evidence.Tab
leDeferralTest.test_
deferral_rate_exact_
zero_of_8) ... ERROR
test_accepts_no_labe
ls (test_hysteresis.
HysteresisInitTest.t
est_accepts_no_label
s) ... ok
test_levels_and_stat
e_are_read_only (tes
t_hysteresis.Hystere
sisInitTest.test_lev
els_and_state_are_re
ad_only) ... ok
test_levels_are_vali
dated_numbers (test_
hysteresis.Hysteresi
sInitTest.test_level
s_are_validated_numb
ers) ... ok
test_rejects_equal_a
nd_reversed_levels (
test_hysteresis.Hyst
eresisInitTest.test_
rejects_equal_and_re
versed_levels) ... 
ok
test_rejects_non_num
eric_levels (test_hy
steresis.HysteresisI
nitTest.test_rejects
_non_numeric_levels)
 ... ok
test_rejects_nonfini
te_levels (test_hyst
eresis.HysteresisIni
tTest.test_rejects_n
onfinite_levels) 
... ok
test_starts_normal (
test_hysteresis.Hyst
eresisInitTest.test_
starts_normal) ... 
ok
test_invalid_score_d
oes_not_mutate_state
 (test_hysteresis.Hy
steresisRobustnessTe
st.test_invalid_scor
e_does_not_mutate_st
ate) ... ok
test_prefix_invarian
ce_to_future_scores 
(test_hysteresis.Hys
teresisRobustnessTes
t.test_prefix_invari
ance_to_future_score
s) ... ok
test_rejects_bad_sco
res (test_hysteresis
.HysteresisRobustnes
sTest.test_rejects_b
ad_scores) ... ok
test_separate_instan
ces_do_not_leak (tes
t_hysteresis.Hystere
sisRobustnessTest.te
st_separate_instance
s_do_not_leak) ... 
ok
test_alert_to_normal
_only_below_low (tes
t_hysteresis.Hystere
sisTransitionsTest.t
est_alert_to_normal_
only_below_low) ... 
ok
test_band_holds_aler
t_and_low_equality_p
reserves (test_hyste
resis.HysteresisTran
sitionsTest.test_ban
d_holds_alert_and_lo
w_equality_preserves
) ... ok
test_band_holds_norm
al (test_hysteresis.
HysteresisTransition
sTest.test_band_hold
s_normal) ... ok
test_normal_to_alert
_only_above_high (te
st_hysteresis.Hyster
esisTransitionsTest.
test_normal_to_alert
_only_above_high) 
... ok
test_repeated_on_off
_cycles (test_hyster
esis.HysteresisTrans
itionsTest.test_repe
ated_on_off_cycles) 
... ok
test_reset_returns_t
o_normal (test_hyste
resis.HysteresisTran
sitionsTest.test_res
et_returns_to_normal
) ... ok
test_spike_holds_unw
anted_tail (test_hys
teresis.HysteresisTr
ansitionsTest.test_s
pike_holds_unwanted_
tail) ... ok
test_boundary_nonali
gnment_drops_tail (t
est_pipeline.Compute
TraceTest.test_bound
ary_nonalignment_dro
ps_tail) ... ok
test_cli_writes_expe
cted_artifacts (test
_pipeline.ComputeTra
ceTest.test_cli_writ
es_expected_artifact
s) ... FAIL
test_diagnostics_lab
el_free_and_warmup (
test_pipeline.Comput
eTraceTest.test_diag
nostics_label_free_a
nd_warmup) ... ok
test_label_file_igno
red (test_pipeline.C
omputeTraceTest.test
_label_file_ignored)
 ... ok
test_metadata_resour
ce_scope (test_pipel
ine.ComputeTraceTest
.test_metadata_resou
rce_scope) ... ok
test_mutate_calibrat
ion_changes_cutoff_n
ot_source_fit (test_
pipeline.ComputeTrac
eTest.test_mutate_ca
libration_changes_cu
toff_not_source_fit)
 ... ok
test_mutate_replay_l
eaves_earlier_rows_a
nd_cutoff (test_pipe
line.ComputeTraceTes
t.test_mutate_replay
_leaves_earlier_rows
_and_cutoff) ... ok
test_provenance_git_
failure_raises (test
_pipeline.ComputeTra
ceTest.test_provenan
ce_git_failure_raise
s) ... ok
test_provenance_miss
ing_hash_raises (tes
t_pipeline.ComputeTr
aceTest.test_provena
nce_missing_hash_rai
ses) ... ok
test_provenance_syml
ink_hash_raises (tes
t_pipeline.ComputeTr
aceTest.test_provena
nce_symlink_hash_rai
ses) ... ok
test_public_api_is_l
abel_free (test_pipe
line.ComputeTraceTes
t.test_public_api_is
_label_free) ... ok
test_repeat_compute_
same_rows (test_pipe
line.ComputeTraceTes
t.test_repeat_comput
e_same_rows) ... ok
test_schema_rejects_
labels (test_pipelin
e.ComputeTraceTest.t
est_schema_rejects_l
abels) ... ok
test_unknown_and_inv
alid_inputs_fail (te
st_pipeline.ComputeT
raceTest.test_unknow
n_and_invalid_inputs
_fail) ... ok
test_write_and_reloa
d_config_rerun (test
_pipeline.ComputeTra
ceTest.test_write_an
d_reload_config_reru
n) ... ok
test_write_rejects_f
orged_score_and_diag
nostics (test_pipeli
ne.ComputeTraceTest.
test_write_rejects_f
orged_score_and_diag
nostics) ... ok
test_write_rejects_v
alues_override (test
_pipeline.ComputeTra
ceTest.test_write_re
jects_values_overrid
e) ... ok
test_labels_mutation
_leaves_decisions_fi
xed (test_replay.Fam
ilyRoundtripTest.tes
t_labels_mutation_le
aves_decisions_fixed
) ... ERROR
test_pipeline_writer
_family_evaluator_ro
undtrip (test_replay
.FamilyRoundtripTest
.test_pipeline_write
r_family_evaluator_r
oundtrip) ... ERROR
test_family_records_
actual_feasibility (
test_replay.Feasibil
ityReportingTest.tes
t_family_records_act
ual_feasibility) 
... ERROR
test_high_episode_to
y_preserved_with_rea
sons_no_override (te
st_replay.Feasibilit
yReportingTest.test_
high_episode_toy_pre
served_with_reasons_
no_override) ... 
ERROR
test_protocol_notes_
say_reporting (test_
replay.FeasibilityRe
portingTest.test_pro
tocol_notes_say_repo
rting) ... ok
test_tolerance_is_re
porting_not_rejectio
n (test_replay.Feasi
bilityReportingTest.
test_tolerance_is_re
porting_not_rejectio
n) ... ok
test_development_lab
els_both_policies_in
variant (test_replay
.InvarianceTest.test
_development_labels_
both_policies_invari
ant) ... ERROR
test_replay_id_binds
_version (test_repla
y.InvarianceTest.tes
t_replay_id_binds_ve
rsion) ... ERROR
test_source_collapse
d_high_rejected (tes
t_replay.InvarianceT
est.test_source_coll
apsed_high_rejected)
 ... ERROR
test_label_failure_l
eaves_documented_inc
omplete_output (test
_replay.LabelOrderin
gTest.test_label_fai
lure_leaves_document
ed_incomplete_output
) ... ERROR
test_labels_opened_o
nce_after_both_polic
ies_persisted (test_
replay.LabelOrdering
Test.test_labels_ope
ned_once_after_both_
policies_persisted) 
... ERROR
test_pipeline_family
_alert_then_exact_lo
w_holds (test_replay
.LowEqualityRoundtri
pTest.test_pipeline_
family_alert_then_ex
act_low_holds) ... 
ERROR
test_pipeline_family
_evaluation_at_exact
_low (test_replay.Lo
wEqualityRoundtripTe
st.test_pipeline_fam
ily_evaluation_at_ex
act_low) ... ERROR
test_sidecar_write_r
ead_exact_at_low_and
_exclusive (test_rep
lay.LowEqualityRound
tripTest.test_sideca
r_write_read_exact_a
t_low_and_exclusive)
 ... ERROR
test_artifact_extra_
and_parent_paths_rej
ected (test_replay.M
etadataIntegrityTest
.test_artifact_extra
_and_parent_paths_re
jected) ... ERROR
test_evaluation_conf
ig_id_mismatch_rejec
ted (test_replay.Met
adataIntegrityTest.t
est_evaluation_confi
g_id_mismatch_reject
ed) ... ERROR
test_extra_metadata_
key_rejected (test_r
eplay.MetadataIntegr
ityTest.test_extra_m
etadata_key_rejected
) ... ERROR
test_file_hashes_inc
omplete_rejected (te
st_replay.MetadataIn
tegrityTest.test_fil
e_hashes_incomplete_
rejected) ... ERROR
test_missing_source_
scores_id_rejected (
test_replay.Metadata
IntegrityTest.test_m
issing_source_scores
_id_rejected) ... 
ERROR
test_nonfinite_elaps
ed_rejected (test_re
play.MetadataIntegri
tyTest.test_nonfinit
e_elapsed_rejected) 
... ERROR
test_policy_metadata
_link_mismatch_rejec
ted (test_replay.Met
adataIntegrityTest.t
est_policy_metadata_
link_mismatch_reject
ed) ... ERROR
test_refreshed_check
sums_do_not_hide_tam
per (test_replay.Met
adataIntegrityTest.t
est_refreshed_checks
ums_do_not_hide_tamp
er) ... ERROR
test_symlinked_artif
act_refused (test_re
play.MetadataIntegri
tyTest.test_symlinke
d_artifact_refused) 
... ERROR
test_wrong_policy_ki
nd_in_named_dir_reje
cted (test_replay.Me
tadataIntegrityTest.
test_wrong_policy_ki
nd_in_named_dir_reje
cted) ... ERROR
test_cli_produces_ve
rifiable_family (tes
t_replay.ProvenanceC
liTest.test_cli_prod
uces_verifiable_fami
ly) ... ERROR
test_family_metadata
_provenance_and_chec
ksums (test_replay.P
rovenanceCliTest.tes
t_family_metadata_pr
ovenance_and_checksu
ms) ... ERROR
test_whitelist_cover
s_new_files (test_re
play.ProvenanceCliTe
st.test_whitelist_co
vers_new_files) ... 
ok
test_fixed_replay_ma
tches_strict_greater
 (test_replay.Replay
ApiLabelFreeTest.tes
t_fixed_replay_match
es_strict_greater) 
... ERROR
test_hysteresis_repl
ay_latches_and_exits
 (test_replay.Replay
ApiLabelFreeTest.tes
t_hysteresis_replay_
latches_and_exits) 
... ERROR
test_prefix_invarian
ce_to_future_scores 
(test_replay.ReplayA
piLabelFreeTest.test
_prefix_invariance_t
o_future_scores) 
... ERROR
test_repeat_replay_f
rom_fresh_state_agre
es (test_replay.Repl
ayApiLabelFreeTest.t
est_repeat_replay_fr
om_fresh_state_agree
s) ... ERROR
test_replay_rows_is_
label_free (test_rep
lay.ReplayApiLabelFr
eeTest.test_replay_r
ows_is_label_free) 
... ok
test_description_exc
ludes_provenance_and
_completion_writes (
test_replay.Resource
ScopeTest.test_descr
iption_excludes_prov
enance_and_completio
n_writes) ... ERROR
test_timing_boundary
_precedes_provenance
_capture (test_repla
y.ResourceScopeTest.
test_timing_boundary
_precedes_provenance
_capture) ... ERROR
test_bool_start_scor
e_high_low_rejected_
not_equal (test_repl
ay.SidecarTypingTest
.test_bool_start_sco
re_high_low_rejected
_not_equal) ... 
ERROR
test_state_missing_d
uplicate_unordered_r
ejected (test_replay
.SidecarTypingTest.t
est_state_missing_du
plicate_unordered_re
jected) ... ERROR
test_shared_scores_a
nd_distinct_policy_i
ds (test_replay.Sour
ceIdentityTest.test_
shared_scores_and_di
stinct_policy_ids) 
... ERROR
test_source_high_imm
utable (test_replay.
SourceIdentityTest.t
est_source_high_immu
table) ... ERROR
test_run_family_refu
ses_symlinked_inputs
 (test_replay.Symlin
kConfinementTest.tes
t_run_family_refuses
_symlinked_inputs) 
... ERROR
test_symlinked_famil
y_base_refused (test
_replay.SymlinkConfi
nementTest.test_syml
inked_family_base_re
fused) ... ERROR
test_symlinked_famil
y_metadata_refused (
test_replay.SymlinkC
onfinementTest.test_
symlinked_family_met
adata_refused) ... 
ERROR
test_symlinked_polic
y_dir_refused (test_
replay.SymlinkConfin
ementTest.test_symli
nked_policy_dir_refu
sed) ... ERROR
test_malformed_score
_rows_rejected (test
_replay.TamperMalfor
medTest.test_malform
ed_score_rows_reject
ed) ... ERROR
test_no_overwrite (t
est_replay.TamperMal
formedTest.test_no_o
verwrite) ... ERROR
test_nonstrict_proto
col_rejected (test_r
eplay.TamperMalforme
dTest.test_nonstrict
_protocol_rejected) 
... ERROR
test_replay_rows_rej
ects_empty_score_row
s (test_replay.Tampe
rMalformedTest.test_
replay_rows_rejects_
empty_score_rows) 
... ok
test_schedule_mismat
ch_fails_before_outp
ut (test_replay.Tamp
erMalformedTest.test
_schedule_mismatch_f
ails_before_output) 
... ERROR
test_strict_fixed_va
lidator_still_reject
s_threshold_equality
_alert (test_replay.
TamperMalformedTest.
test_strict_fixed_va
lidator_still_reject
s_threshold_equality
_alert) ... ERROR
test_tampered_family
_predictions_detecte
d (test_replay.Tampe
rMalformedTest.test_
tampered_family_pred
ictions_detected) 
... ERROR
test_accepts_generat
or (test_source.Load
ValuesTest.test_acce
pts_generator) ... 
ok
test_converts_ints_t
o_float_tuple (test_
source.LoadValuesTes
t.test_converts_ints
_to_float_tuple) 
... ok
test_rejects_bool_el
ement (test_source.L
oadValuesTest.test_r
ejects_bool_element)
 ... ok
test_rejects_empty (
test_source.LoadValu
esTest.test_rejects_
empty) ... ok
test_rejects_nan_inf
 (test_source.LoadVa
luesTest.test_reject
s_nan_inf) ... ok
test_rejects_non_ite
rable (test_source.L
oadValuesTest.test_r
ejects_non_iterable)
 ... ok
test_rejects_none_an
d_nonnumeric (test_s
ource.LoadValuesTest
.test_rejects_none_a
nd_nonnumeric) ... 
ok
test_rejects_overflo
w_conversion (test_s
ource.LoadValuesTest
.test_rejects_overfl
ow_conversion) ... 
ok
test_non_aligned_spl
it_skips_tail (test_
source.MakeWindowsTe
st.test_non_aligned_
split_skips_tail) 
... ok
test_rejects_bad_len
gth_stride (test_sou
rce.MakeWindowsTest.
test_rejects_bad_len
gth_stride) ... ok
test_rejects_bad_seg
ment_name (test_sour
ce.MakeWindowsTest.t
est_rejects_bad_segm
ent_name) ... ok
test_rejects_bad_seg
ments (test_source.M
akeWindowsTest.test_
rejects_bad_segments
) ... ok
test_rejects_nonfini
te_or_nonnumeric_ele
ments (test_source.M
akeWindowsTest.test_
rejects_nonfinite_or
_nonnumeric_elements
) ... ok
test_rejects_segment
_shorter_than_length
 (test_source.MakeWi
ndowsTest.test_rejec
ts_segment_shorter_t
han_length) ... ok
test_window_dataclas
s_shape_and_frozen (
test_source.MakeWind
owsTest.test_window_
dataclass_shape_and_
frozen) ... ok
test_constant_source
 (test_source.MeanDi
stanceScorerTest.tes
t_constant_source) 
... ok
test_direct_construc
tion_validated (test
_source.MeanDistance
ScorerTest.test_dire
ct_construction_vali
dated) ... ok
test_fit_hand_values
 (test_source.MeanDi
stanceScorerTest.tes
t_fit_hand_values) 
... ok
test_future_mutation
_leaves_earlier_scor
es_unchanged (test_s
ource.MeanDistanceSc
orerTest.test_future
_mutation_leaves_ear
lier_scores_unchange
d) ... ok
test_rejects_bad_fit
 (test_source.MeanDi
stanceScorerTest.tes
t_rejects_bad_fit) 
... ok
test_rejects_bad_sco
re_input (test_sourc
e.MeanDistanceScorer
Test.test_rejects_ba
d_score_input) ... 
ok
test_rejects_nonfini
te_output (test_sour
ce.MeanDistanceScore
rTest.test_rejects_n
onfinite_output) 
... ok
test_score_hand_valu
es (test_source.Mean
DistanceScorerTest.t
est_score_hand_value
s) ... ok
test_scorer_frozen_a
nd_no_labels (test_s
ource.MeanDistanceSc
orerTest.test_scorer
_frozen_and_no_label
s) ... ok
test_accepts_no_labe
ls (test_source.Synt
heticValuesTest.test
_accepts_no_labels) 
... ok
test_offset_half_ope
n_range (test_source
.SyntheticValuesTest
.test_offset_half_op
en_range) ... ok
test_rejects_bad_len
gth (test_source.Syn
theticValuesTest.tes
t_rejects_bad_length
) ... ok
test_rejects_bad_off
set_entry (test_sour
ce.SyntheticValuesTe
st.test_rejects_bad_
offset_entry) ... ok
test_rejects_bad_off
set_keys (test_sourc
e.SyntheticValuesTes
t.test_rejects_bad_o
ffset_keys) ... ok
test_rejects_bad_pat
tern_entry (test_sou
rce.SyntheticValuesT
est.test_rejects_bad
_pattern_entry) ... 
ok
test_rejects_empty_p
attern (test_source.
SyntheticValuesTest.
test_rejects_empty_p
attern) ... ok
test_rejects_nonfini
te_result (test_sour
ce.SyntheticValuesTe
st.test_rejects_nonf
inite_result) ... ok
test_rejects_out_of_
bounds_offset (test_
source.SyntheticValu
esTest.test_rejects_
out_of_bounds_offset
) ... ok
test_repeats_pattern
 (test_source.Synthe
ticValuesTest.test_r
epeats_pattern) ... 
ok
test_stop_is_exclusi
ve (test_source.Synt
heticValuesTest.test
_stop_is_exclusive) 
... ok

====================
====================
====================
==========
ERROR: 
test_decisions (unit
test.loader._FailedT
est.test_decisions)
--------------------
--------------------
--------------------
----------
ImportError: Failed 
to import test 
module: 
test_decisions
Traceback (most 
recent call last):
  File "C:\Python314
\Lib\unittest\loader
.py", line 426, in 
_find_test_path
    module = self._g
et_module_from_name(
name)
  File "C:\Python314
\Lib\unittest\loader
.py", line 367, in _
get_module_from_name
    __import__(name)
    ~~~~~~~~~~^^^^^^
  File "D:\Reliable-
Alerting\tests\test_
decisions.py", line 
15, in <module>
    from 
reliable_alerting 
import calibration, 
policy, writing
ModuleNotFoundError:
 No module named 
'reliable_alerting'


====================
====================
====================
==========
ERROR: 
test_evaluation (uni
ttest.loader._Failed
Test.test_evaluation
)
--------------------
--------------------
--------------------
----------
ImportError: Failed 
to import test 
module: 
test_evaluation
Traceback (most 
recent call last):
  File "C:\Python314
\Lib\unittest\loader
.py", line 426, in 
_find_test_path
    module = self._g
et_module_from_name(
name)
  File "C:\Python314
\Lib\unittest\loader
.py", line 367, in _
get_module_from_name
    __import__(name)
    ~~~~~~~~~~^^^^^^
  File "D:\Reliable-
Alerting\tests\test_
evaluation.py", 
line 12, in <module>
    from 
reliable_alerting 
import evaluation
ModuleNotFoundError:
 No module named 
'reliable_alerting'


====================
====================
====================
==========
ERROR: test_figure_l
egend_and_wrapped_ca
ption (test_evidence
.FigureTest.test_fig
ure_legend_and_wrapp
ed_caption)
--------------------
--------------------
--------------------
----------
Traceback (most 
recent call last):
  File "D:\Reliable-
Alerting\tests\test_
evidence.py", line 
174, in test_figure_
legend_and_wrapped_c
aption
    tree = 
ET.parse(svg_p)
  File "C:\Python314
\Lib\xml\etree\Eleme
ntTree.py", line 
1214, in parse
    
tree.parse(source, 
parser)
    ~~~~~~~~~~^^^^^^
^^^^^^^^^^
  File "C:\Python314
\Lib\xml\etree\Eleme
ntTree.py", line 
577, in parse
    self._root = par
ser._parse_whole(sou
rce)
                 ~~~
~~~~~~~~~~~~~~~~^^^^
^^^^
xml.etree.ElementTre
e.ParseError: not 
well-formed 
(invalid token): 
line 2, column 35

====================
====================
====================
==========
ERROR: test_hand_csv
_end_index_circles_l
abels_ties (test_evi
dence.FigureTest.tes
t_hand_csv_end_index
_circles_labels_ties
)
--------------------
--------------------
--------------------
----------
Traceback (most 
recent call last):
  File "D:\Reliable-
Alerting\tests\test_
evidence.py", line 
93, in test_hand_csv
_end_index_circles_l
abels_ties
    tree = 
ET.parse(svg_p)
  File "C:\Python314
\Lib\xml\etree\Eleme
ntTree.py", line 
1214, in parse
    
tree.parse(source, 
parser)
    ~~~~~~~~~~^^^^^^
^^^^^^^^^^
  File "C:\Python314
\Lib\xml\etree\Eleme
ntTree.py", line 
577, in parse
    self._root = par
ser._parse_whole(sou
rce)
                 ~~~
~~~~~~~~~~~~~~~~^^^^
^^^^
xml.etree.ElementTre
e.ParseError: not 
well-formed 
(invalid token): 
line 2, column 35

====================
====================
====================
==========
ERROR: test_hold_fix
ture_annotations_tra
ce_windows (test_fam
ily_evidence.Annotat
ionWindowTraceTest.t
est_hold_fixture_ann
otations_trace_windo
ws)
--------------------
--------------------
--------------------
----------
Traceback (most 
recent call last):
  File "D:\Reliable-
Alerting\tests\test_
family_evidence.py",
 line 395, in test_h
old_fixture_annotati
ons_trace_windows
    with tempfile.Te
mporaryDirectory(dir
=str(RESULTS)) as 
tmp:
         ~~~~~~~~~~~
~~~~~~~~~~~~~~~~^^^^
^^^^^^^^^^^^^^
  File "C:\Python314
\Lib\tempfile.py", 
line 907, in 
__init__
    self.name = 
mkdtemp(suffix, 
prefix, dir)
                ~~~~
~~~^^^^^^^^^^^^^^^^^
^^^^
  File "C:\Python314
\Lib\tempfile.py", 
line 385, in mkdtemp
    _os.mkdir(file, 
0o700)
    ~~~~~~~~~^^^^^^^
^^^^^^
FileNotFoundError: 
[WinError 3] The 
system cannot find 
the path specified: 
'D:\\Reliable-Alerti
ng\\results\\tmprjyn
grru'

====================
====================
====================
==========
ERROR: test_standard
_fixture_annotations
_trace_windows (test
_family_evidence.Ann
otationWindowTraceTe
st.test_standard_fix
ture_annotations_tra
ce_windows)
--------------------
--------------------
--------------------
----------
Traceback (most 
recent call last):
  File "D:\Reliable-
Alerting\tests\test_
family_evidence.py",
 line 382, in test_s
tandard_fixture_anno
tations_trace_window
s
    with tempfile.Te
mporaryDirectory(dir
=str(RESULTS)) as 
tmp:
         ~~~~~~~~~~~
~~~~~~~~~~~~~~~~^^^^
^^^^^^^^^^^^^^
  File "C:\Python314
\Lib\tempfile.py", 
line 907, in 
__init__
    self.name = 
mkdtemp(suffix, 
prefix, dir)
                ~~~~
~~~^^^^^^^^^^^^^^^^^
^^^^
  File "C:\Python314
\Lib\tempfile.py", 
line 385, in mkdtemp
    _os.mkdir(file, 
0o700)
    ~~~~~~~~~^^^^^^^
^^^^^^
FileNotFoundError: 
[WinError 3] The 
system cannot find 
the path specified: 
'D:\\Reliable-Alerti
ng\\results\\tmpk0qy
d8ux'

====================
====================
====================
==========
ERROR: test_equal_fr
esh_runs_despite_pro
venance_hashes (test
_family_evidence.Com
pareFamiliesTest.tes
t_equal_fresh_runs_d
espite_provenance_ha
shes)
--------------------
--------------------
--------------------
----------
Traceback (most 
recent call last):
  File "D:\Reliable-
Alerting\tests\test_
family_evidence.py",
 line 107, in test_e
qual_fresh_runs_desp
ite_provenance_hashe
s
    with tempfile.Te
mporaryDirectory(dir
=str(RESULTS)) as 
tmp:
         ~~~~~~~~~~~
~~~~~~~~~~~~~~~~^^^^
^^^^^^^^^^^^^^
  File "C:\Python314
\Lib\tempfile.py", 
line 907, in 
__init__
    self.name = 
mkdtemp(suffix, 
prefix, dir)
                ~~~~
~~~^^^^^^^^^^^^^^^^^
^^^^
  File "C:\Python314
\Lib\tempfile.py", 
line 385, in mkdtemp
    _os.mkdir(file, 
0o700)
    ~~~~~~~~~^^^^^^^
^^^^^^
FileNotFoundError: 
[WinError 3] The 
system cannot find 
the path specified: 
'D:\\Reliable-Alerti
ng\\results\\tmp73qp
6rn7'

====================
====================
====================
==========
ERROR: test_same_sco
re_predictions_misma
tch_rejected (test_f
amily_evidence.Compa
reFamiliesTest.test_
same_score_predictio
ns_mismatch_rejected
)
--------------------
--------------------
--------------------
----------
Traceback (most 
recent call last):
  File "D:\Reliable-
Alerting\tests\test_
family_evidence.py",
 line 153, in test_s
ame_score_prediction
s_mismatch_rejected
    with tempfile.Te
mporaryDirectory(dir
=str(RESULTS)) as 
tmp:
         ~~~~~~~~~~~
~~~~~~~~~~~~~~~~^^^^
^^^^^^^^^^^^^^
  File "C:\Python314
\Lib\tempfile.py", 
line 907, in 
__init__
    self.name = 
mkdtemp(suffix, 
prefix, dir)
                ~~~~
~~~^^^^^^^^^^^^^^^^^
^^^^
  File "C:\Python314
\Lib\tempfile.py", 
line 385, in mkdtemp
    _os.mkdir(file, 
0o700)
    ~~~~~~~~~^^^^^^^
^^^^^^
FileNotFoundError: 
[WinError 3] The 
system cannot find 
the path specified: 
'D:\\Reliable-Alerti
ng\\results\\tmpqtg8
bfi9'

====================
====================
====================
==========
ERROR: test_same_sco
re_state_mismatch_re
jected (test_family_
evidence.CompareFami
liesTest.test_same_s
core_state_mismatch_
rejected)
--------------------
--------------------
--------------------
----------
Traceback (most 
recent call last):
  File "D:\Reliable-
Alerting\tests\test_
family_evidence.py",
 line 139, in test_s
ame_score_state_mism
atch_rejected
    with tempfile.Te
mporaryDirectory(dir
=str(RESULTS)) as 
tmp:
         ~~~~~~~~~~~
~~~~~~~~~~~~~~~~^^^^
^^^^^^^^^^^^^^
  File "C:\Python314
\Lib\tempfile.py", 
line 907, in 
__init__
    self.name = 
mkdtemp(suffix, 
prefix, dir)
                ~~~~
~~~^^^^^^^^^^^^^^^^^
^^^^
  File "C:\Python314
\Lib\tempfile.py", 
line 385, in mkdtemp
    _os.mkdir(file, 
0o700)
    ~~~~~~~~~^^^^^^^
^^^^^^
FileNotFoundError: 
[WinError 3] The 
system cannot find 
the path specified: 
'D:\\Reliable-Alerti
ng\\results\\tmpcq5w
hs3a'

====================
====================
====================
==========
ERROR: test_write_co
mparison_no_overwrit
e (test_family_evide
nce.CompareFamiliesT
est.test_write_compa
rison_no_overwrite)
--------------------
--------------------
--------------------
----------
Traceback (most 
recent call last):
  File "D:\Reliable-
Alerting\tests\test_
family_evidence.py",
 line 127, in test_w
rite_comparison_no_o
verwrite
    with tempfile.Te
mporaryDirectory(dir
=str(RESULTS)) as 
tmp:
         ~~~~~~~~~~~
~~~~~~~~~~~~~~~~^^^^
^^^^^^^^^^^^^^
  File "C:\Python314
\Lib\tempfile.py", 
line 907, in 
__init__
    self.name = 
mkdtemp(suffix, 
prefix, dir)
                ~~~~
~~~^^^^^^^^^^^^^^^^^
^^^^
  File "C:\Python314
\Lib\tempfile.py", 
line 385, in mkdtemp
    _os.mkdir(file, 
0o700)
    ~~~~~~~~~^^^^^^^
^^^^^^
FileNotFoundError: 
[WinError 3] The 
system cannot find 
the path specified: 
'D:\\Reliable-Alerti
ng\\results\\tmp8kw3
t_xh'

====================
====================
====================
==========
ERROR: test_cli_comp
are_table_figure (te
st_family_evidence.F
amilyCliTest.test_cl
i_compare_table_figu
re)
--------------------
--------------------
--------------------
----------
Traceback (most 
recent call last):
  File "D:\Reliable-
Alerting\tests\test_
family_evidence.py",
 line 509, in test_c
li_compare_table_fig
ure
    with tempfile.Te
mporaryDirectory(dir
=str(RESULTS)) as 
tmp:
         ~~~~~~~~~~~
~~~~~~~~~~~~~~~~^^^^
^^^^^^^^^^^^^^
  File "C:\Python314
\Lib\tempfile.py", 
line 907, in 
__init__
    self.name = 
mkdtemp(suffix, 
prefix, dir)
                ~~~~
~~~^^^^^^^^^^^^^^^^^
^^^^
  File "C:\Python314
\Lib\tempfile.py", 
line 385, in mkdtemp
    _os.mkdir(file, 
0o700)
    ~~~~~~~~~^^^^^^^
^^^^^^
FileNotFoundError: 
[WinError 3] The 
system cannot find 
the path specified: 
'D:\\Reliable-Alerti
ng\\results\\tmpkmuv
x1s4'

====================
====================
====================
==========
ERROR: test_all_text
_inside_canvas_and_w
rapped (test_family_
evidence.FamilyFigur
eGeometryTest.test_a
ll_text_inside_canva
s_and_wrapped)
--------------------
--------------------
--------------------
----------
Traceback (most 
recent call last):
  File "D:\Reliable-
Alerting\tests\test_
family_evidence.py",
 line 441, in test_a
ll_text_inside_canva
s_and_wrapped
    with tempfile.Te
mporaryDirectory(dir
=str(RESULTS)) as 
tmp:
         ~~~~~~~~~~~
~~~~~~~~~~~~~~~~^^^^
^^^^^^^^^^^^^^
  File "C:\Python314
\Lib\tempfile.py", 
line 907, in 
__init__
    self.name = 
mkdtemp(suffix, 
prefix, dir)
                ~~~~
~~~^^^^^^^^^^^^^^^^^
^^^^
  File "C:\Python314
\Lib\tempfile.py", 
line 385, in mkdtemp
    _os.mkdir(file, 
0o700)
    ~~~~~~~~~^^^^^^^
^^^^^^
FileNotFoundError: 
[WinError 3] The 
system cannot find 
the path specified: 
'D:\\Reliable-Alerti
ng\\results\\tmpqa6y
5cb3'

====================
====================
====================
==========
ERROR: test_held_for
ward_intervals_drawn
_with_window_ids (te
st_family_evidence.F
amilyFigureGeometryT
est.test_held_forwar
d_intervals_drawn_wi
th_window_ids)
--------------------
--------------------
--------------------
----------
Traceback (most 
recent call last):
  File "D:\Reliable-
Alerting\tests\test_
family_evidence.py",
 line 459, in test_h
eld_forward_interval
s_drawn_with_window_
ids
    with tempfile.Te
mporaryDirectory(dir
=str(RESULTS)) as 
tmp:
         ~~~~~~~~~~~
~~~~~~~~~~~~~~~~^^^^
^^^^^^^^^^^^^^
  File "C:\Python314
\Lib\tempfile.py", 
line 907, in 
__init__
    self.name = 
mkdtemp(suffix, 
prefix, dir)
                ~~~~
~~~^^^^^^^^^^^^^^^^^
^^^^
  File "C:\Python314
\Lib\tempfile.py", 
line 385, in mkdtemp
    _os.mkdir(file, 
0o700)
    ~~~~~~~~~^^^^^^^
^^^^^^
FileNotFoundError: 
[WinError 3] The 
system cannot find 
the path specified: 
'D:\\Reliable-Alerti
ng\\results\\tmp4tji
m270'

====================
====================
====================
==========
ERROR: test_horizon_
and_warmup_cover_all
_lanes (test_family_
evidence.FamilyFigur
eGeometryTest.test_h
orizon_and_warmup_co
ver_all_lanes)
--------------------
--------------------
--------------------
----------
Traceback (most 
recent call last):
  File "D:\Reliable-
Alerting\tests\test_
family_evidence.py",
 line 487, in test_h
orizon_and_warmup_co
ver_all_lanes
    with tempfile.Te
mporaryDirectory(dir
=str(RESULTS)) as 
tmp:
         ~~~~~~~~~~~
~~~~~~~~~~~~~~~~^^^^
^^^^^^^^^^^^^^
  File "C:\Python314
\Lib\tempfile.py", 
line 907, in 
__init__
    self.name = 
mkdtemp(suffix, 
prefix, dir)
                ~~~~
~~~^^^^^^^^^^^^^^^^^
^^^^
  File "C:\Python314
\Lib\tempfile.py", 
line 385, in mkdtemp
    _os.mkdir(file, 
0o700)
    ~~~~~~~~~^^^^^^^
^^^^^^
FileNotFoundError: 
[WinError 3] The 
system cannot find 
the path specified: 
'D:\\Reliable-Alerti
ng\\results\\tmpjh2m
kbrz'

====================
====================
====================
==========
ERROR: test_figure_p
arses_and_episodes_m
atch_saved_bounds (t
est_family_evidence.
FamilyFigureTest.tes
t_figure_parses_and_
episodes_match_saved
_bounds)
--------------------
--------------------
--------------------
----------
Traceback (most 
recent call last):
  File "D:\Reliable-
Alerting\tests\test_
family_evidence.py",
 line 266, in test_f
igure_parses_and_epi
sodes_match_saved_bo
unds
    with tempfile.Te
mporaryDirectory(dir
=str(RESULTS)) as 
tmp:
         ~~~~~~~~~~~
~~~~~~~~~~~~~~~~^^^^
^^^^^^^^^^^^^^
  File "C:\Python314
\Lib\tempfile.py", 
line 907, in 
__init__
    self.name = 
mkdtemp(suffix, 
prefix, dir)
                ~~~~
~~~^^^^^^^^^^^^^^^^^
^^^^
  File "C:\Python314
\Lib\tempfile.py", 
line 385, in mkdtemp
    _os.mkdir(file, 
0o700)
    ~~~~~~~~~^^^^^^^
^^^^^^
FileNotFoundError: 
[WinError 3] The 
system cannot find 
the path specified: 
'D:\\Reliable-Alerti
ng\\results\\tmp8idf
sg4x'

====================
====================
====================
==========
ERROR: test_figure_t
amper_refuses_and_no
_overwrite (test_fam
ily_evidence.FamilyF
igureTest.test_figur
e_tamper_refuses_and
_no_overwrite)
--------------------
--------------------
--------------------
----------
Traceback (most 
recent call last):
  File "D:\Reliable-
Alerting\tests\test_
family_evidence.py",
 line 302, in test_f
igure_tamper_refuses
_and_no_overwrite
    with tempfile.Te
mporaryDirectory(dir
=str(RESULTS)) as 
tmp:
         ~~~~~~~~~~~
~~~~~~~~~~~~~~~~^^^^
^^^^^^^^^^^^^^
  File "C:\Python314
\Lib\tempfile.py", 
line 907, in 
__init__
    self.name = 
mkdtemp(suffix, 
prefix, dir)
                ~~~~
~~~^^^^^^^^^^^^^^^^^
^^^^
  File "C:\Python314
\Lib\tempfile.py", 
line 385, in mkdtemp
    _os.mkdir(file, 
0o700)
    ~~~~~~~~~^^^^^^^
^^^^^^
FileNotFoundError: 
[WinError 3] The 
system cannot find 
the path specified: 
'D:\\Reliable-Alerti
ng\\results\\tmpilfn
updr'

====================
====================
====================
==========
ERROR: test_table_ro
ws_annotations_and_f
easible (test_family
_evidence.FamilyTabl
eTest.test_table_row
s_annotations_and_fe
asible)
--------------------
--------------------
--------------------
----------
Traceback (most 
recent call last):
  File "D:\Reliable-
Alerting\tests\test_
family_evidence.py",
 line 173, in test_t
able_rows_annotation
s_and_feasible
    with tempfile.Te
mporaryDirectory(dir
=str(RESULTS)) as 
tmp:
         ~~~~~~~~~~~
~~~~~~~~~~~~~~~~^^^^
^^^^^^^^^^^^^^
  File "C:\Python314
\Lib\tempfile.py", 
line 907, in 
__init__
    self.name = 
mkdtemp(suffix, 
prefix, dir)
                ~~~~
~~~^^^^^^^^^^^^^^^^^
^^^^
  File "C:\Python314
\Lib\tempfile.py", 
line 385, in mkdtemp
    _os.mkdir(file, 
0o700)
    ~~~~~~~~~^^^^^^^
^^^^^^
FileNotFoundError: 
[WinError 3] The 
system cannot find 
the path specified: 
'D:\\Reliable-Alerti
ng\\results\\tmpdb0f
9s2d'

====================
====================
====================
==========
ERROR: test_table_ta
mper_refuses_and_no_
overwrite (test_fami
ly_evidence.FamilyTa
bleTest.test_table_t
amper_refuses_and_no
_overwrite)
--------------------
--------------------
--------------------
----------
Traceback (most 
recent call last):
  File "D:\Reliable-
Alerting\tests\test_
family_evidence.py",
 line 236, in test_t
able_tamper_refuses_
and_no_overwrite
    with tempfile.Te
mporaryDirectory(dir
=str(RESULTS)) as 
tmp:
         ~~~~~~~~~~~
~~~~~~~~~~~~~~~~^^^^
^^^^^^^^^^^^^^
  File "C:\Python314
\Lib\tempfile.py", 
line 907, in 
__init__
    self.name = 
mkdtemp(suffix, 
prefix, dir)
                ~~~~
~~~^^^^^^^^^^^^^^^^^
^^^^
  File "C:\Python314
\Lib\tempfile.py", 
line 385, in mkdtemp
    _os.mkdir(file, 
0o700)
    ~~~~~~~~~^^^^^^^
^^^^^^
FileNotFoundError: 
[WinError 3] The 
system cannot find 
the path specified: 
'D:\\Reliable-Alerti
ng\\results\\tmpfnes
vsfx'

====================
====================
====================
==========
ERROR: test_deferral
_rate_exact_zero_of_
8 (test_family_evide
nce.TableDeferralTes
t.test_deferral_rate
_exact_zero_of_8)
--------------------
--------------------
--------------------
----------
Traceback (most 
recent call last):
  File "D:\Reliable-
Alerting\tests\test_
family_evidence.py",
 line 325, in test_d
eferral_rate_exact_z
ero_of_8
    with tempfile.Te
mporaryDirectory(dir
=str(RESULTS)) as 
tmp:
         ~~~~~~~~~~~
~~~~~~~~~~~~~~~~^^^^
^^^^^^^^^^^^^^
  File "C:\Python314
\Lib\tempfile.py", 
line 907, in 
__init__
    self.name = 
mkdtemp(suffix, 
prefix, dir)
                ~~~~
~~~^^^^^^^^^^^^^^^^^
^^^^
  File "C:\Python314
\Lib\tempfile.py", 
line 385, in mkdtemp
    _os.mkdir(file, 
0o700)
    ~~~~~~~~~^^^^^^^
^^^^^^
FileNotFoundError: 
[WinError 3] The 
system cannot find 
the path specified: 
'D:\\Reliable-Alerti
ng\\results\\tmpv4w6
brym'

====================
====================
====================
==========
ERROR: test_labels_m
utation_leaves_decis
ions_fixed (test_rep
lay.FamilyRoundtripT
est.test_labels_muta
tion_leaves_decision
s_fixed)
--------------------
--------------------
--------------------
----------
Traceback (most 
recent call last):
  File "D:\Reliable-
Alerting\tests\test_
replay.py", line 
307, in test_labels_
mutation_leaves_deci
sions_fixed
    with tempfile.Te
mporaryDirectory(dir
=str(RESULTS)) as 
tmp:
         ~~~~~~~~~~~
~~~~~~~~~~~~~~~~^^^^
^^^^^^^^^^^^^^
  File "C:\Python314
\Lib\tempfile.py", 
line 907, in 
__init__
    self.name = 
mkdtemp(suffix, 
prefix, dir)
                ~~~~
~~~^^^^^^^^^^^^^^^^^
^^^^
  File "C:\Python314
\Lib\tempfile.py", 
line 385, in mkdtemp
    _os.mkdir(file, 
0o700)
    ~~~~~~~~~^^^^^^^
^^^^^^
FileNotFoundError: 
[WinError 3] The 
system cannot find 
the path specified: 
'D:\\Reliable-Alerti
ng\\results\\tmpk3i4
hsdm'

====================
====================
====================
==========
ERROR: test_pipeline
_writer_family_evalu
ator_roundtrip (test
_replay.FamilyRoundt
ripTest.test_pipelin
e_writer_family_eval
uator_roundtrip)
--------------------
--------------------
--------------------
----------
Traceback (most 
recent call last):
  File "D:\Reliable-
Alerting\tests\test_
replay.py", line 
287, in test_pipelin
e_writer_family_eval
uator_roundtrip
    with tempfile.Te
mporaryDirectory(dir
=str(RESULTS)) as 
tmp:
         ~~~~~~~~~~~
~~~~~~~~~~~~~~~~^^^^
^^^^^^^^^^^^^^
  File "C:\Python314
\Lib\tempfile.py", 
line 907, in 
__init__
    self.name = 
mkdtemp(suffix, 
prefix, dir)
                ~~~~
~~~^^^^^^^^^^^^^^^^^
^^^^
  File "C:\Python314
\Lib\tempfile.py", 
line 385, in mkdtemp
    _os.mkdir(file, 
0o700)
    ~~~~~~~~~^^^^^^^
^^^^^^
FileNotFoundError: 
[WinError 3] The 
system cannot find 
the path specified: 
'D:\\Reliable-Alerti
ng\\results\\tmpek_r
erlw'

====================
====================
====================
==========
ERROR: test_family_r
ecords_actual_feasib
ility (test_replay.F
easibilityReportingT
est.test_family_reco
rds_actual_feasibili
ty)
--------------------
--------------------
--------------------
----------
Traceback (most 
recent call last):
  File "D:\Reliable-
Alerting\tests\test_
replay.py", line 
599, in test_family_
records_actual_feasi
bility
    with tempfile.Te
mporaryDirectory(dir
=str(RESULTS)) as 
tmp:
         ~~~~~~~~~~~
~~~~~~~~~~~~~~~~^^^^
^^^^^^^^^^^^^^
  File "C:\Python314
\Lib\tempfile.py", 
line 907, in 
__init__
    self.name = 
mkdtemp(suffix, 
prefix, dir)
                ~~~~
~~~^^^^^^^^^^^^^^^^^
^^^^
  File "C:\Python314
\Lib\tempfile.py", 
line 385, in mkdtemp
    _os.mkdir(file, 
0o700)
    ~~~~~~~~~^^^^^^^
^^^^^^
FileNotFoundError: 
[WinError 3] The 
system cannot find 
the path specified: 
'D:\\Reliable-Alerti
ng\\results\\tmpt09w
po2o'

====================
====================
====================
==========
ERROR: test_high_epi
sode_toy_preserved_w
ith_reasons_no_overr
ide (test_replay.Fea
sibilityReportingTes
t.test_high_episode_
toy_preserved_with_r
easons_no_override)
--------------------
--------------------
--------------------
----------
Traceback (most 
recent call last):
  File "D:\Reliable-
Alerting\tests\test_
replay.py", line 
574, in test_high_ep
isode_toy_preserved_
with_reasons_no_over
ride
    with tempfile.Te
mporaryDirectory(dir
=str(RESULTS)) as 
tmp:
         ~~~~~~~~~~~
~~~~~~~~~~~~~~~~^^^^
^^^^^^^^^^^^^^
  File "C:\Python314
\Lib\tempfile.py", 
line 907, in 
__init__
    self.name = 
mkdtemp(suffix, 
prefix, dir)
                ~~~~
~~~^^^^^^^^^^^^^^^^^
^^^^
  File "C:\Python314
\Lib\tempfile.py", 
line 385, in mkdtemp
    _os.mkdir(file, 
0o700)
    ~~~~~~~~~^^^^^^^
^^^^^^
FileNotFoundError: 
[WinError 3] The 
system cannot find 
the path specified: 
'D:\\Reliable-Alerti
ng\\results\\tmpd8uq
q95u'

====================
====================
====================
==========
ERROR: test_developm
ent_labels_both_poli
cies_invariant (test
_replay.InvarianceTe
st.test_development_
labels_both_policies
_invariant)
--------------------
--------------------
--------------------
----------
Traceback (most 
recent call last):
  File "D:\Reliable-
Alerting\tests\test_
replay.py", line 
994, in test_develop
ment_labels_both_pol
icies_invariant
    with tempfile.Te
mporaryDirectory(dir
=str(RESULTS)) as 
tmp:
         ~~~~~~~~~~~
~~~~~~~~~~~~~~~~^^^^
^^^^^^^^^^^^^^
  File "C:\Python314
\Lib\tempfile.py", 
line 907, in 
__init__
    self.name = 
mkdtemp(suffix, 
prefix, dir)
                ~~~~
~~~^^^^^^^^^^^^^^^^^
^^^^
  File "C:\Python314
\Lib\tempfile.py", 
line 385, in mkdtemp
    _os.mkdir(file, 
0o700)
    ~~~~~~~~~^^^^^^^
^^^^^^
FileNotFoundError: 
[WinError 3] The 
system cannot find 
the path specified: 
'D:\\Reliable-Alerti
ng\\results\\tmp2aiz
px65'

====================
====================
====================
==========
ERROR: test_replay_i
d_binds_version (tes
t_replay.InvarianceT
est.test_replay_id_b
inds_version)
--------------------
--------------------
--------------------
----------
Traceback (most 
recent call last):
  File "D:\Reliable-
Alerting\tests\test_
replay.py", line 
1036, in test_replay
_id_binds_version
    with tempfile.Te
mporaryDirectory(dir
=str(RESULTS)) as 
tmp:
         ~~~~~~~~~~~
~~~~~~~~~~~~~~~~^^^^
^^^^^^^^^^^^^^
  File "C:\Python314
\Lib\tempfile.py", 
line 907, in 
__init__
    self.name = 
mkdtemp(suffix, 
prefix, dir)
                ~~~~
~~~^^^^^^^^^^^^^^^^^
^^^^
  File "C:\Python314
\Lib\tempfile.py", 
line 385, in mkdtemp
    _os.mkdir(file, 
0o700)
    ~~~~~~~~~^^^^^^^
^^^^^^
FileNotFoundError: 
[WinError 3] The 
system cannot find 
the path specified: 
'D:\\Reliable-Alerti
ng\\results\\tmp3af_
6cyr'

====================
====================
====================
==========
ERROR: test_source_c
ollapsed_high_reject
ed (test_replay.Inva
rianceTest.test_sour
ce_collapsed_high_re
jected)
--------------------
--------------------
--------------------
----------
Traceback (most 
recent call last):
  File "D:\Reliable-
Alerting\tests\test_
replay.py", line 
1062, in test_source
_collapsed_high_reje
cted
    with tempfile.Te
mporaryDirectory(dir
=str(RESULTS)) as 
tmp:
         ~~~~~~~~~~~
~~~~~~~~~~~~~~~~^^^^
^^^^^^^^^^^^^^
  File "C:\Python314
\Lib\tempfile.py", 
line 907, in 
__init__
    self.name = 
mkdtemp(suffix, 
prefix, dir)
                ~~~~
~~~^^^^^^^^^^^^^^^^^
^^^^
  File "C:\Python314
\Lib\tempfile.py", 
line 385, in mkdtemp
    _os.mkdir(file, 
0o700)
    ~~~~~~~~~^^^^^^^
^^^^^^
FileNotFoundError: 
[WinError 3] The 
system cannot find 
the path specified: 
'D:\\Reliable-Alerti
ng\\results\\tmpi4la
kzxs'

====================
====================
====================
==========
ERROR: test_label_fa
ilure_leaves_documen
ted_incomplete_outpu
t (test_replay.Label
OrderingTest.test_la
bel_failure_leaves_d
ocumented_incomplete
_output)
--------------------
--------------------
--------------------
----------
Traceback (most 
recent call last):
  File "D:\Reliable-
Alerting\tests\test_
replay.py", line 
528, in test_label_f
ailure_leaves_docume
nted_incomplete_outp
ut
    with tempfile.Te
mporaryDirectory(dir
=str(RESULTS)) as 
tmp:
         ~~~~~~~~~~~
~~~~~~~~~~~~~~~~^^^^
^^^^^^^^^^^^^^
  File "C:\Python314
\Lib\tempfile.py", 
line 907, in 
__init__
    self.name = 
mkdtemp(suffix, 
prefix, dir)
                ~~~~
~~~^^^^^^^^^^^^^^^^^
^^^^
  File "C:\Python314
\Lib\tempfile.py", 
line 385, in mkdtemp
    _os.mkdir(file, 
0o700)
    ~~~~~~~~~^^^^^^^
^^^^^^
FileNotFoundError: 
[WinError 3] The 
system cannot find 
the path specified: 
'D:\\Reliable-Alerti
ng\\results\\tmpuler
ghom'

====================
====================
====================
==========
ERROR: test_labels_o
pened_once_after_bot
h_policies_persisted
 (test_replay.LabelO
rderingTest.test_lab
els_opened_once_afte
r_both_policies_pers
isted)
--------------------
--------------------
--------------------
----------
Traceback (most 
recent call last):
  File "D:\Reliable-
Alerting\tests\test_
replay.py", line 
494, in test_labels_
opened_once_after_bo
th_policies_persiste
d
    with tempfile.Te
mporaryDirectory(dir
=str(RESULTS)) as 
tmp:
         ~~~~~~~~~~~
~~~~~~~~~~~~~~~~^^^^
^^^^^^^^^^^^^^
  File "C:\Python314
\Lib\tempfile.py", 
line 907, in 
__init__
    self.name = 
mkdtemp(suffix, 
prefix, dir)
                ~~~~
~~~^^^^^^^^^^^^^^^^^
^^^^
  File "C:\Python314
\Lib\tempfile.py", 
line 385, in mkdtemp
    _os.mkdir(file, 
0o700)
    ~~~~~~~~~^^^^^^^
^^^^^^
FileNotFoundError: 
[WinError 3] The 
system cannot find 
the path specified: 
'D:\\Reliable-Alerti
ng\\results\\tmphlfq
wu9y'

====================
====================
====================
==========
ERROR: test_pipeline
_family_alert_then_e
xact_low_holds (test
_replay.LowEqualityR
oundtripTest.test_pi
peline_family_alert_
then_exact_low_holds
)
--------------------
--------------------
--------------------
----------
Traceback (most 
recent call last):
  File "D:\Reliable-
Alerting\tests\test_
replay.py", line 
912, in test_pipelin
e_family_alert_then_
exact_low_holds
    with tempfile.Te
mporaryDirectory(dir
=str(RESULTS)) as 
tmp:
         ~~~~~~~~~~~
~~~~~~~~~~~~~~~~^^^^
^^^^^^^^^^^^^^
  File "C:\Python314
\Lib\tempfile.py", 
line 907, in 
__init__
    self.name = 
mkdtemp(suffix, 
prefix, dir)
                ~~~~
~~~^^^^^^^^^^^^^^^^^
^^^^
  File "C:\Python314
\Lib\tempfile.py", 
line 385, in mkdtemp
    _os.mkdir(file, 
0o700)
    ~~~~~~~~~^^^^^^^
^^^^^^
FileNotFoundError: 
[WinError 3] The 
system cannot find 
the path specified: 
'D:\\Reliable-Alerti
ng\\results\\tmpf9ko
d_sj'

====================
====================
====================
==========
ERROR: test_pipeline
_family_evaluation_a
t_exact_low (test_re
play.LowEqualityRoun
dtripTest.test_pipel
ine_family_evaluatio
n_at_exact_low)
--------------------
--------------------
--------------------
----------
Traceback (most 
recent call last):
  File "D:\Reliable-
Alerting\tests\test_
replay.py", line 
884, in test_pipelin
e_family_evaluation_
at_exact_low
    with tempfile.Te
mporaryDirectory(dir
=str(RESULTS)) as 
tmp:
         ~~~~~~~~~~~
~~~~~~~~~~~~~~~~^^^^
^^^^^^^^^^^^^^
  File "C:\Python314
\Lib\tempfile.py", 
line 907, in 
__init__
    self.name = 
mkdtemp(suffix, 
prefix, dir)
                ~~~~
~~~^^^^^^^^^^^^^^^^^
^^^^
  File "C:\Python314
\Lib\tempfile.py", 
line 385, in mkdtemp
    _os.mkdir(file, 
0o700)
    ~~~~~~~~~^^^^^^^
^^^^^^
FileNotFoundError: 
[WinError 3] The 
system cannot find 
the path specified: 
'D:\\Reliable-Alerti
ng\\results\\tmp2vgj
6qov'

====================
====================
====================
==========
ERROR: test_sidecar_
write_read_exact_at_
low_and_exclusive (t
est_replay.LowEquali
tyRoundtripTest.test
_sidecar_write_read_
exact_at_low_and_exc
lusive)
--------------------
--------------------
--------------------
----------
Traceback (most 
recent call last):
  File "D:\Reliable-
Alerting\tests\test_
replay.py", line 
969, in test_sidecar
_write_read_exact_at
_low_and_exclusive
    with tempfile.Te
mporaryDirectory(dir
=str(RESULTS)) as 
tmp:
         ~~~~~~~~~~~
~~~~~~~~~~~~~~~~^^^^
^^^^^^^^^^^^^^
  File "C:\Python314
\Lib\tempfile.py", 
line 907, in 
__init__
    self.name = 
mkdtemp(suffix, 
prefix, dir)
                ~~~~
~~~^^^^^^^^^^^^^^^^^
^^^^
  File "C:\Python314
\Lib\tempfile.py", 
line 385, in mkdtemp
    _os.mkdir(file, 
0o700)
    ~~~~~~~~~^^^^^^^
^^^^^^
FileNotFoundError: 
[WinError 3] The 
system cannot find 
the path specified: 
'D:\\Reliable-Alerti
ng\\results\\tmppb6g
veef'

====================
====================
====================
==========
ERROR: test_artifact
_extra_and_parent_pa
ths_rejected (test_r
eplay.MetadataIntegr
ityTest.test_artifac
t_extra_and_parent_p
aths_rejected)
--------------------
--------------------
--------------------
----------
Traceback (most 
recent call last):
  File "D:\Reliable-
Alerting\tests\test_
replay.py", line 
717, in test_artifac
t_extra_and_parent_p
aths_rejected
    with tempfile.Te
mporaryDirectory(dir
=str(RESULTS)) as 
tmp:
         ~~~~~~~~~~~
~~~~~~~~~~~~~~~~^^^^
^^^^^^^^^^^^^^
  File "C:\Python314
\Lib\tempfile.py", 
line 907, in 
__init__
    self.name = 
mkdtemp(suffix, 
prefix, dir)
                ~~~~
~~~^^^^^^^^^^^^^^^^^
^^^^
  File "C:\Python314
\Lib\tempfile.py", 
line 385, in mkdtemp
    _os.mkdir(file, 
0o700)
    ~~~~~~~~~^^^^^^^
^^^^^^
FileNotFoundError: 
[WinError 3] The 
system cannot find 
the path specified: 
'D:\\Reliable-Alerti
ng\\results\\tmptuqv
3k8u'

====================
====================
====================
==========
ERROR: test_evaluati
on_config_id_mismatc
h_rejected (test_rep
lay.MetadataIntegrit
yTest.test_evaluatio
n_config_id_mismatch
_rejected)
--------------------
--------------------
--------------------
----------
Traceback (most 
recent call last):
  File "D:\Reliable-
Alerting\tests\test_
replay.py", line 
791, in test_evaluat
ion_config_id_mismat
ch_rejected
    with tempfile.Te
mporaryDirectory(dir
=str(RESULTS)) as 
tmp:
         ~~~~~~~~~~~
~~~~~~~~~~~~~~~~^^^^
^^^^^^^^^^^^^^
  File "C:\Python314
\Lib\tempfile.py", 
line 907, in 
__init__
    self.name = 
mkdtemp(suffix, 
prefix, dir)
                ~~~~
~~~^^^^^^^^^^^^^^^^^
^^^^
  File "C:\Python314
\Lib\tempfile.py", 
line 385, in mkdtemp
    _os.mkdir(file, 
0o700)
    ~~~~~~~~~^^^^^^^
^^^^^^
FileNotFoundError: 
[WinError 3] The 
system cannot find 
the path specified: 
'D:\\Reliable-Alerti
ng\\results\\tmpl_kw
7smi'

====================
====================
====================
==========
ERROR: test_extra_me
tadata_key_rejected 
(test_replay.Metadat
aIntegrityTest.test_
extra_metadata_key_r
ejected)
--------------------
--------------------
--------------------
----------
Traceback (most 
recent call last):
  File "D:\Reliable-
Alerting\tests\test_
replay.py", line 
642, in test_extra_m
etadata_key_rejected
    with tempfile.Te
mporaryDirectory(dir
=str(RESULTS)) as 
tmp:
         ~~~~~~~~~~~
~~~~~~~~~~~~~~~~^^^^
^^^^^^^^^^^^^^
  File "C:\Python314
\Lib\tempfile.py", 
line 907, in 
__init__
    self.name = 
mkdtemp(suffix, 
prefix, dir)
                ~~~~
~~~^^^^^^^^^^^^^^^^^
^^^^
  File "C:\Python314
\Lib\tempfile.py", 
line 385, in mkdtemp
    _os.mkdir(file, 
0o700)
    ~~~~~~~~~^^^^^^^
^^^^^^
FileNotFoundError: 
[WinError 3] The 
system cannot find 
the path specified: 
'D:\\Reliable-Alerti
ng\\results\\tmpdpme
u4s6'

====================
====================
====================
==========
ERROR: test_file_has
hes_incomplete_rejec
ted (test_replay.Met
adataIntegrityTest.t
est_file_hashes_inco
mplete_rejected)
--------------------
--------------------
--------------------
----------
Traceback (most 
recent call last):
  File "D:\Reliable-
Alerting\tests\test_
replay.py", line 
706, in test_file_ha
shes_incomplete_reje
cted
    with tempfile.Te
mporaryDirectory(dir
=str(RESULTS)) as 
tmp:
         ~~~~~~~~~~~
~~~~~~~~~~~~~~~~^^^^
^^^^^^^^^^^^^^
  File "C:\Python314
\Lib\tempfile.py", 
line 907, in 
__init__
    self.name = 
mkdtemp(suffix, 
prefix, dir)
                ~~~~
~~~^^^^^^^^^^^^^^^^^
^^^^
  File "C:\Python314
\Lib\tempfile.py", 
line 385, in mkdtemp
    _os.mkdir(file, 
0o700)
    ~~~~~~~~~^^^^^^^
^^^^^^
FileNotFoundError: 
[WinError 3] The 
system cannot find 
the path specified: 
'D:\\Reliable-Alerti
ng\\results\\tmpr8sj
cs5d'

====================
====================
====================
==========
ERROR: test_missing_
source_scores_id_rej
ected (test_replay.M
etadataIntegrityTest
.test_missing_source
_scores_id_rejected)
--------------------
--------------------
--------------------
----------
Traceback (most 
recent call last):
  File "D:\Reliable-
Alerting\tests\test_
replay.py", line 
652, in test_missing
_source_scores_id_re
jected
    with tempfile.Te
mporaryDirectory(dir
=str(RESULTS)) as 
tmp:
         ~~~~~~~~~~~
~~~~~~~~~~~~~~~~^^^^
^^^^^^^^^^^^^^
  File "C:\Python314
\Lib\tempfile.py", 
line 907, in 
__init__
    self.name = 
mkdtemp(suffix, 
prefix, dir)
                ~~~~
~~~^^^^^^^^^^^^^^^^^
^^^^
  File "C:\Python314
\Lib\tempfile.py", 
line 385, in mkdtemp
    _os.mkdir(file, 
0o700)
    ~~~~~~~~~^^^^^^^
^^^^^^
FileNotFoundError: 
[WinError 3] The 
system cannot find 
the path specified: 
'D:\\Reliable-Alerti
ng\\results\\tmpy_tr
g7rj'

====================
====================
====================
==========
ERROR: test_nonfinit
e_elapsed_rejected (
test_replay.Metadata
IntegrityTest.test_n
onfinite_elapsed_rej
ected)
--------------------
--------------------
--------------------
----------
Traceback (most 
recent call last):
  File "D:\Reliable-
Alerting\tests\test_
replay.py", line 
694, in test_nonfini
te_elapsed_rejected
    with tempfile.Te
mporaryDirectory(dir
=str(RESULTS)) as 
tmp:
         ~~~~~~~~~~~
~~~~~~~~~~~~~~~~^^^^
^^^^^^^^^^^^^^
  File "C:\Python314
\Lib\tempfile.py", 
line 907, in 
__init__
    self.name = 
mkdtemp(suffix, 
prefix, dir)
                ~~~~
~~~^^^^^^^^^^^^^^^^^
^^^^
  File "C:\Python314
\Lib\tempfile.py", 
line 385, in mkdtemp
    _os.mkdir(file, 
0o700)
    ~~~~~~~~~^^^^^^^
^^^^^^
FileNotFoundError: 
[WinError 3] The 
system cannot find 
the path specified: 
'D:\\Reliable-Alerti
ng\\results\\tmpsv89
w6tm'

====================
====================
====================
==========
ERROR: test_policy_m
etadata_link_mismatc
h_rejected (test_rep
lay.MetadataIntegrit
yTest.test_policy_me
tadata_link_mismatch
_rejected)
--------------------
--------------------
--------------------
----------
Traceback (most 
recent call last):
  File "D:\Reliable-
Alerting\tests\test_
replay.py", line 
662, in test_policy_
metadata_link_mismat
ch_rejected
    with tempfile.Te
mporaryDirectory(dir
=str(RESULTS)) as 
tmp:
         ~~~~~~~~~~~
~~~~~~~~~~~~~~~~^^^^
^^^^^^^^^^^^^^
  File "C:\Python314
\Lib\tempfile.py", 
line 907, in 
__init__
    self.name = 
mkdtemp(suffix, 
prefix, dir)
                ~~~~
~~~^^^^^^^^^^^^^^^^^
^^^^
  File "C:\Python314
\Lib\tempfile.py", 
line 385, in mkdtemp
    _os.mkdir(file, 
0o700)
    ~~~~~~~~~^^^^^^^
^^^^^^
FileNotFoundError: 
[WinError 3] The 
system cannot find 
the path specified: 
'D:\\Reliable-Alerti
ng\\results\\tmpj2gh
vaz1'

====================
====================
====================
==========
ERROR: test_refreshe
d_checksums_do_not_h
ide_tamper (test_rep
lay.MetadataIntegrit
yTest.test_refreshed
_checksums_do_not_hi
de_tamper)
--------------------
--------------------
--------------------
----------
Traceback (most 
recent call last):
  File "D:\Reliable-
Alerting\tests\test_
replay.py", line 
747, in test_refresh
ed_checksums_do_not_
hide_tamper
    with tempfile.Te
mporaryDirectory(dir
=str(RESULTS)) as 
tmp:
         ~~~~~~~~~~~
~~~~~~~~~~~~~~~~^^^^
^^^^^^^^^^^^^^
  File "C:\Python314
\Lib\tempfile.py", 
line 907, in 
__init__
    self.name = 
mkdtemp(suffix, 
prefix, dir)
                ~~~~
~~~^^^^^^^^^^^^^^^^^
^^^^
  File "C:\Python314
\Lib\tempfile.py", 
line 385, in mkdtemp
    _os.mkdir(file, 
0o700)
    ~~~~~~~~~^^^^^^^
^^^^^^
FileNotFoundError: 
[WinError 3] The 
system cannot find 
the path specified: 
'D:\\Reliable-Alerti
ng\\results\\tmpl4l2
r88w'

====================
====================
====================
==========
ERROR: test_symlinke
d_artifact_refused (
test_replay.Metadata
IntegrityTest.test_s
ymlinked_artifact_re
fused)
--------------------
--------------------
--------------------
----------
Traceback (most 
recent call last):
  File "D:\Reliable-
Alerting\tests\test_
replay.py", line 
732, in test_symlink
ed_artifact_refused
    with tempfile.Te
mporaryDirectory(dir
=str(RESULTS)) as 
tmp:
         ~~~~~~~~~~~
~~~~~~~~~~~~~~~~^^^^
^^^^^^^^^^^^^^
  File "C:\Python314
\Lib\tempfile.py", 
line 907, in 
__init__
    self.name = 
mkdtemp(suffix, 
prefix, dir)
                ~~~~
~~~^^^^^^^^^^^^^^^^^
^^^^
  File "C:\Python314
\Lib\tempfile.py", 
line 385, in mkdtemp
    _os.mkdir(file, 
0o700)
    ~~~~~~~~~^^^^^^^
^^^^^^
FileNotFoundError: 
[WinError 3] The 
system cannot find 
the path specified: 
'D:\\Reliable-Alerti
ng\\results\\tmpom5g
vre1'

====================
====================
====================
==========
ERROR: test_wrong_po
licy_kind_in_named_d
ir_rejected (test_re
play.MetadataIntegri
tyTest.test_wrong_po
licy_kind_in_named_d
ir_rejected)
--------------------
--------------------
--------------------
----------
Traceback (most 
recent call last):
  File "D:\Reliable-
Alerting\tests\test_
replay.py", line 
677, in test_wrong_p
olicy_kind_in_named_
dir_rejected
    with tempfile.Te
mporaryDirectory(dir
=str(RESULTS)) as 
tmp:
         ~~~~~~~~~~~
~~~~~~~~~~~~~~~~^^^^
^^^^^^^^^^^^^^
  File "C:\Python314
\Lib\tempfile.py", 
line 907, in 
__init__
    self.name = 
mkdtemp(suffix, 
prefix, dir)
                ~~~~
~~~^^^^^^^^^^^^^^^^^
^^^^
  File "C:\Python314
\Lib\tempfile.py", 
line 385, in mkdtemp
    _os.mkdir(file, 
0o700)
    ~~~~~~~~~^^^^^^^
^^^^^^
FileNotFoundError: 
[WinError 3] The 
system cannot find 
the path specified: 
'D:\\Reliable-Alerti
ng\\results\\tmp6003
l5u_'

====================
====================
====================
==========
ERROR: test_cli_prod
uces_verifiable_fami
ly (test_replay.Prov
enanceCliTest.test_c
li_produces_verifiab
le_family)
--------------------
--------------------
--------------------
----------
Traceback (most 
recent call last):
  File "D:\Reliable-
Alerting\tests\test_
replay.py", line 
477, in test_cli_pro
duces_verifiable_fam
ily
    with tempfile.Te
mporaryDirectory(dir
=str(RESULTS)) as 
tmp:
         ~~~~~~~~~~~
~~~~~~~~~~~~~~~~^^^^
^^^^^^^^^^^^^^
  File "C:\Python314
\Lib\tempfile.py", 
line 907, in 
__init__
    self.name = 
mkdtemp(suffix, 
prefix, dir)
                ~~~~
~~~^^^^^^^^^^^^^^^^^
^^^^
  File "C:\Python314
\Lib\tempfile.py", 
line 385, in mkdtemp
    _os.mkdir(file, 
0o700)
    ~~~~~~~~~^^^^^^^
^^^^^^
FileNotFoundError: 
[WinError 3] The 
system cannot find 
the path specified: 
'D:\\Reliable-Alerti
ng\\results\\tmpl_yq
mo5b'

====================
====================
====================
==========
ERROR: test_family_m
etadata_provenance_a
nd_checksums (test_r
eplay.ProvenanceCliT
est.test_family_meta
data_provenance_and_
checksums)
--------------------
--------------------
--------------------
----------
Traceback (most 
recent call last):
  File "D:\Reliable-
Alerting\tests\test_
replay.py", line 
456, in test_family_
metadata_provenance_
and_checksums
    with tempfile.Te
mporaryDirectory(dir
=str(RESULTS)) as 
tmp:
         ~~~~~~~~~~~
~~~~~~~~~~~~~~~~^^^^
^^^^^^^^^^^^^^
  File "C:\Python314
\Lib\tempfile.py", 
line 907, in 
__init__
    self.name = 
mkdtemp(suffix, 
prefix, dir)
                ~~~~
~~~^^^^^^^^^^^^^^^^^
^^^^
  File "C:\Python314
\Lib\tempfile.py", 
line 385, in mkdtemp
    _os.mkdir(file, 
0o700)
    ~~~~~~~~~^^^^^^^
^^^^^^
FileNotFoundError: 
[WinError 3] The 
system cannot find 
the path specified: 
'D:\\Reliable-Alerti
ng\\results\\tmpx5xw
ziq3'

====================
====================
====================
==========
ERROR: test_fixed_re
play_matches_strict_
greater (test_replay
.ReplayApiLabelFreeT
est.test_fixed_repla
y_matches_strict_gre
ater)
--------------------
--------------------
--------------------
----------
Traceback (most 
recent call last):
  File "D:\Reliable-
Alerting\tests\test_
replay.py", line 
167, in test_fixed_r
eplay_matches_strict
_greater
    with tempfile.Te
mporaryDirectory(dir
=str(RESULTS)) as 
tmp:
         ~~~~~~~~~~~
~~~~~~~~~~~~~~~~^^^^
^^^^^^^^^^^^^^
  File "C:\Python314
\Lib\tempfile.py", 
line 907, in 
__init__
    self.name = 
mkdtemp(suffix, 
prefix, dir)
                ~~~~
~~~^^^^^^^^^^^^^^^^^
^^^^
  File "C:\Python314
\Lib\tempfile.py", 
line 385, in mkdtemp
    _os.mkdir(file, 
0o700)
    ~~~~~~~~~^^^^^^^
^^^^^^
FileNotFoundError: 
[WinError 3] The 
system cannot find 
the path specified: 
'D:\\Reliable-Alerti
ng\\results\\tmp8gno
3h66'

====================
====================
====================
==========
ERROR: test_hysteres
is_replay_latches_an
d_exits (test_replay
.ReplayApiLabelFreeT
est.test_hysteresis_
replay_latches_and_e
xits)
--------------------
--------------------
--------------------
----------
Traceback (most 
recent call last):
  File "D:\Reliable-
Alerting\tests\test_
replay.py", line 
199, in test_hystere
sis_replay_latches_a
nd_exits
    with tempfile.Te
mporaryDirectory(dir
=str(RESULTS)) as 
tmp:
         ~~~~~~~~~~~
~~~~~~~~~~~~~~~~^^^^
^^^^^^^^^^^^^^
  File "C:\Python314
\Lib\tempfile.py", 
line 907, in 
__init__
    self.name = 
mkdtemp(suffix, 
prefix, dir)
                ~~~~
~~~^^^^^^^^^^^^^^^^^
^^^^
  File "C:\Python314
\Lib\tempfile.py", 
line 385, in mkdtemp
    _os.mkdir(file, 
0o700)
    ~~~~~~~~~^^^^^^^
^^^^^^
FileNotFoundError: 
[WinError 3] The 
system cannot find 
the path specified: 
'D:\\Reliable-Alerti
ng\\results\\tmpagot
5b6a'

====================
====================
====================
==========
ERROR: test_prefix_i
nvariance_to_future_
scores (test_replay.
ReplayApiLabelFreeTe
st.test_prefix_invar
iance_to_future_scor
es)
--------------------
--------------------
--------------------
----------
Traceback (most 
recent call last):
  File "D:\Reliable-
Alerting\tests\test_
replay.py", line 
237, in test_prefix_
invariance_to_future
_scores
    with tempfile.Te
mporaryDirectory(dir
=str(RESULTS)) as 
tmp:
         ~~~~~~~~~~~
~~~~~~~~~~~~~~~~^^^^
^^^^^^^^^^^^^^
  File "C:\Python314
\Lib\tempfile.py", 
line 907, in 
__init__
    self.name = 
mkdtemp(suffix, 
prefix, dir)
                ~~~~
~~~^^^^^^^^^^^^^^^^^
^^^^
  File "C:\Python314
\Lib\tempfile.py", 
line 385, in mkdtemp
    _os.mkdir(file, 
0o700)
    ~~~~~~~~~^^^^^^^
^^^^^^
FileNotFoundError: 
[WinError 3] The 
system cannot find 
the path specified: 
'D:\\Reliable-Alerti
ng\\results\\tmpkexx
kww7'

====================
====================
====================
==========
ERROR: test_repeat_r
eplay_from_fresh_sta
te_agrees (test_repl
ay.ReplayApiLabelFre
eTest.test_repeat_re
play_from_fresh_stat
e_agrees)
--------------------
--------------------
--------------------
----------
Traceback (most 
recent call last):
  File "D:\Reliable-
Alerting\tests\test_
replay.py", line 
226, in test_repeat_
replay_from_fresh_st
ate_agrees
    with tempfile.Te
mporaryDirectory(dir
=str(RESULTS)) as 
tmp:
         ~~~~~~~~~~~
~~~~~~~~~~~~~~~~^^^^
^^^^^^^^^^^^^^
  File "C:\Python314
\Lib\tempfile.py", 
line 907, in 
__init__
    self.name = 
mkdtemp(suffix, 
prefix, dir)
                ~~~~
~~~^^^^^^^^^^^^^^^^^
^^^^
  File "C:\Python314
\Lib\tempfile.py", 
line 385, in mkdtemp
    _os.mkdir(file, 
0o700)
    ~~~~~~~~~^^^^^^^
^^^^^^
FileNotFoundError: 
[WinError 3] The 
system cannot find 
the path specified: 
'D:\\Reliable-Alerti
ng\\results\\tmps4y2
zzrn'

====================
====================
====================
==========
ERROR: test_descript
ion_excludes_provena
nce_and_completion_w
rites (test_replay.R
esourceScopeTest.tes
t_description_exclud
es_provenance_and_co
mpletion_writes)
--------------------
--------------------
--------------------
----------
Traceback (most 
recent call last):
  File "D:\Reliable-
Alerting\tests\test_
replay.py", line 
1157, in test_descri
ption_excludes_prove
nance_and_completion
_writes
    with tempfile.Te
mporaryDirectory(dir
=str(RESULTS)) as 
tmp:
         ~~~~~~~~~~~
~~~~~~~~~~~~~~~~^^^^
^^^^^^^^^^^^^^
  File "C:\Python314
\Lib\tempfile.py", 
line 907, in 
__init__
    self.name = 
mkdtemp(suffix, 
prefix, dir)
                ~~~~
~~~^^^^^^^^^^^^^^^^^
^^^^
  File "C:\Python314
\Lib\tempfile.py", 
line 385, in mkdtemp
    _os.mkdir(file, 
0o700)
    ~~~~~~~~~^^^^^^^
^^^^^^
FileNotFoundError: 
[WinError 3] The 
system cannot find 
the path specified: 
'D:\\Reliable-Alerti
ng\\results\\tmpx5qr
c6lc'

====================
====================
====================
==========
ERROR: test_timing_b
oundary_precedes_pro
venance_capture (tes
t_replay.ResourceSco
peTest.test_timing_b
oundary_precedes_pro
venance_capture)
--------------------
--------------------
--------------------
----------
Traceback (most 
recent call last):
  File "D:\Reliable-
Alerting\tests\test_
replay.py", line 
1177, in test_timing
_boundary_precedes_p
rovenance_capture
    with tempfile.Te
mporaryDirectory(dir
=str(RESULTS)) as 
tmp:
         ~~~~~~~~~~~
~~~~~~~~~~~~~~~~^^^^
^^^^^^^^^^^^^^
  File "C:\Python314
\Lib\tempfile.py", 
line 907, in 
__init__
    self.name = 
mkdtemp(suffix, 
prefix, dir)
                ~~~~
~~~^^^^^^^^^^^^^^^^^
^^^^
  File "C:\Python314
\Lib\tempfile.py", 
line 385, in mkdtemp
    _os.mkdir(file, 
0o700)
    ~~~~~~~~~^^^^^^^
^^^^^^
FileNotFoundError: 
[WinError 3] The 
system cannot find 
the path specified: 
'D:\\Reliable-Alerti
ng\\results\\tmpi1fq
bbi2'

====================
====================
====================
==========
ERROR: test_bool_sta
rt_score_high_low_re
jected_not_equal (te
st_replay.SidecarTyp
ingTest.test_bool_st
art_score_high_low_r
ejected_not_equal)
--------------------
--------------------
--------------------
----------
Traceback (most 
recent call last):
  File "D:\Reliable-
Alerting\tests\test_
replay.py", line 
818, in test_bool_st
art_score_high_low_r
ejected_not_equal
    with tempfile.Te
mporaryDirectory(dir
=str(RESULTS)) as 
tmp:
         ~~~~~~~~~~~
~~~~~~~~~~~~~~~~^^^^
^^^^^^^^^^^^^^
  File "C:\Python314
\Lib\tempfile.py", 
line 907, in 
__init__
    self.name = 
mkdtemp(suffix, 
prefix, dir)
                ~~~~
~~~^^^^^^^^^^^^^^^^^
^^^^
  File "C:\Python314
\Lib\tempfile.py", 
line 385, in mkdtemp
    _os.mkdir(file, 
0o700)
    ~~~~~~~~~^^^^^^^
^^^^^^
FileNotFoundError: 
[WinError 3] The 
system cannot find 
the path specified: 
'D:\\Reliable-Alerti
ng\\results\\tmp7atj
1_2u'

====================
====================
====================
==========
ERROR: test_state_mi
ssing_duplicate_unor
dered_rejected (test
_replay.SidecarTypin
gTest.test_state_mis
sing_duplicate_unord
ered_rejected)
--------------------
--------------------
--------------------
----------
Traceback (most 
recent call last):
  File "D:\Reliable-
Alerting\tests\test_
replay.py", line 
851, in test_state_m
issing_duplicate_uno
rdered_rejected
    with tempfile.Te
mporaryDirectory(dir
=str(RESULTS)) as 
tmp:
         ~~~~~~~~~~~
~~~~~~~~~~~~~~~~^^^^
^^^^^^^^^^^^^^
  File "C:\Python314
\Lib\tempfile.py", 
line 907, in 
__init__
    self.name = 
mkdtemp(suffix, 
prefix, dir)
                ~~~~
~~~^^^^^^^^^^^^^^^^^
^^^^
  File "C:\Python314
\Lib\tempfile.py", 
line 385, in mkdtemp
    _os.mkdir(file, 
0o700)
    ~~~~~~~~~^^^^^^^
^^^^^^
FileNotFoundError: 
[WinError 3] The 
system cannot find 
the path specified: 
'D:\\Reliable-Alerti
ng\\results\\tmphq92
vfcq'

====================
====================
====================
==========
ERROR: test_shared_s
cores_and_distinct_p
olicy_ids (test_repl
ay.SourceIdentityTes
t.test_shared_scores
_and_distinct_policy
_ids)
--------------------
--------------------
--------------------
----------
Traceback (most 
recent call last):
  File "D:\Reliable-
Alerting\tests\test_
replay.py", line 
252, in test_shared_
scores_and_distinct_
policy_ids
    with tempfile.Te
mporaryDirectory(dir
=str(RESULTS)) as 
tmp:
         ~~~~~~~~~~~
~~~~~~~~~~~~~~~~^^^^
^^^^^^^^^^^^^^
  File "C:\Python314
\Lib\tempfile.py", 
line 907, in 
__init__
    self.name = 
mkdtemp(suffix, 
prefix, dir)
                ~~~~
~~~^^^^^^^^^^^^^^^^^
^^^^
  File "C:\Python314
\Lib\tempfile.py", 
line 385, in mkdtemp
    _os.mkdir(file, 
0o700)
    ~~~~~~~~~^^^^^^^
^^^^^^
FileNotFoundError: 
[WinError 3] The 
system cannot find 
the path specified: 
'D:\\Reliable-Alerti
ng\\results\\tmpb2t0
262y'

====================
====================
====================
==========
ERROR: test_source_h
igh_immutable (test_
replay.SourceIdentit
yTest.test_source_hi
gh_immutable)
--------------------
--------------------
--------------------
----------
Traceback (most 
recent call last):
  File "D:\Reliable-
Alerting\tests\test_
replay.py", line 
273, in test_source_
high_immutable
    with tempfile.Te
mporaryDirectory(dir
=str(RESULTS)) as 
tmp:
         ~~~~~~~~~~~
~~~~~~~~~~~~~~~~^^^^
^^^^^^^^^^^^^^
  File "C:\Python314
\Lib\tempfile.py", 
line 907, in 
__init__
    self.name = 
mkdtemp(suffix, 
prefix, dir)
                ~~~~
~~~^^^^^^^^^^^^^^^^^
^^^^
  File "C:\Python314
\Lib\tempfile.py", 
line 385, in mkdtemp
    _os.mkdir(file, 
0o700)
    ~~~~~~~~~^^^^^^^
^^^^^^
FileNotFoundError: 
[WinError 3] The 
system cannot find 
the path specified: 
'D:\\Reliable-Alerti
ng\\results\\tmplahn
2vb5'

====================
====================
====================
==========
ERROR: test_run_fami
ly_refuses_symlinked
_inputs (test_replay
.SymlinkConfinementT
est.test_run_family_
refuses_symlinked_in
puts)
--------------------
--------------------
--------------------
----------
Traceback (most 
recent call last):
  File "D:\Reliable-
Alerting\tests\test_
replay.py", line 
1132, in test_run_fa
mily_refuses_symlink
ed_inputs
    with tempfile.Te
mporaryDirectory(dir
=str(RESULTS)) as 
tmp:
         ~~~~~~~~~~~
~~~~~~~~~~~~~~~~^^^^
^^^^^^^^^^^^^^
  File "C:\Python314
\Lib\tempfile.py", 
line 907, in 
__init__
    self.name = 
mkdtemp(suffix, 
prefix, dir)
                ~~~~
~~~^^^^^^^^^^^^^^^^^
^^^^
  File "C:\Python314
\Lib\tempfile.py", 
line 385, in mkdtemp
    _os.mkdir(file, 
0o700)
    ~~~~~~~~~^^^^^^^
^^^^^^
FileNotFoundError: 
[WinError 3] The 
system cannot find 
the path specified: 
'D:\\Reliable-Alerti
ng\\results\\tmpo_40
ukkk'

====================
====================
====================
==========
ERROR: test_symlinke
d_family_base_refuse
d (test_replay.Symli
nkConfinementTest.te
st_symlinked_family_
base_refused)
--------------------
--------------------
--------------------
----------
Traceback (most 
recent call last):
  File "D:\Reliable-
Alerting\tests\test_
replay.py", line 
1107, in test_symlin
ked_family_base_refu
sed
    with tempfile.Te
mporaryDirectory(dir
=str(RESULTS)) as 
tmp:
         ~~~~~~~~~~~
~~~~~~~~~~~~~~~~^^^^
^^^^^^^^^^^^^^
  File "C:\Python314
\Lib\tempfile.py", 
line 907, in 
__init__
    self.name = 
mkdtemp(suffix, 
prefix, dir)
                ~~~~
~~~^^^^^^^^^^^^^^^^^
^^^^
  File "C:\Python314
\Lib\tempfile.py", 
line 385, in mkdtemp
    _os.mkdir(file, 
0o700)
    ~~~~~~~~~^^^^^^^
^^^^^^
FileNotFoundError: 
[WinError 3] The 
system cannot find 
the path specified: 
'D:\\Reliable-Alerti
ng\\results\\tmpe5mj
5320'

====================
====================
====================
==========
ERROR: test_symlinke
d_family_metadata_re
fused (test_replay.S
ymlinkConfinementTes
t.test_symlinked_fam
ily_metadata_refused
)
--------------------
--------------------
--------------------
----------
Traceback (most 
recent call last):
  File "D:\Reliable-
Alerting\tests\test_
replay.py", line 
1118, in test_symlin
ked_family_metadata_
refused
    with tempfile.Te
mporaryDirectory(dir
=str(RESULTS)) as 
tmp:
         ~~~~~~~~~~~
~~~~~~~~~~~~~~~~^^^^
^^^^^^^^^^^^^^
  File "C:\Python314
\Lib\tempfile.py", 
line 907, in 
__init__
    self.name = 
mkdtemp(suffix, 
prefix, dir)
                ~~~~
~~~^^^^^^^^^^^^^^^^^
^^^^
  File "C:\Python314
\Lib\tempfile.py", 
line 385, in mkdtemp
    _os.mkdir(file, 
0o700)
    ~~~~~~~~~^^^^^^^
^^^^^^
FileNotFoundError: 
[WinError 3] The 
system cannot find 
the path specified: 
'D:\\Reliable-Alerti
ng\\results\\tmpbqxo
4fe_'

====================
====================
====================
==========
ERROR: test_symlinke
d_policy_dir_refused
 (test_replay.Symlin
kConfinementTest.tes
t_symlinked_policy_d
ir_refused)
--------------------
--------------------
--------------------
----------
Traceback (most 
recent call last):
  File "D:\Reliable-
Alerting\tests\test_
replay.py", line 
1082, in test_symlin
ked_policy_dir_refus
ed
    with tempfile.Te
mporaryDirectory(dir
=str(RESULTS)) as 
tmp:
         ~~~~~~~~~~~
~~~~~~~~~~~~~~~~^^^^
^^^^^^^^^^^^^^
  File "C:\Python314
\Lib\tempfile.py", 
line 907, in 
__init__
    self.name = 
mkdtemp(suffix, 
prefix, dir)
                ~~~~
~~~^^^^^^^^^^^^^^^^^
^^^^
  File "C:\Python314
\Lib\tempfile.py", 
line 385, in mkdtemp
    _os.mkdir(file, 
0o700)
    ~~~~~~~~~^^^^^^^
^^^^^^
FileNotFoundError: 
[WinError 3] The 
system cannot find 
the path specified: 
'D:\\Reliable-Alerti
ng\\results\\tmplugv
ycsu'

====================
====================
====================
==========
ERROR: test_malforme
d_score_rows_rejecte
d (test_replay.Tampe
rMalformedTest.test_
malformed_score_rows
_rejected)
--------------------
--------------------
--------------------
----------
Traceback (most 
recent call last):
  File "D:\Reliable-
Alerting\tests\test_
replay.py", line 
338, in test_malform
ed_score_rows_reject
ed
    with tempfile.Te
mporaryDirectory(dir
=str(RESULTS)) as 
tmp:
         ~~~~~~~~~~~
~~~~~~~~~~~~~~~~^^^^
^^^^^^^^^^^^^^
  File "C:\Python314
\Lib\tempfile.py", 
line 907, in 
__init__
    self.name = 
mkdtemp(suffix, 
prefix, dir)
                ~~~~
~~~^^^^^^^^^^^^^^^^^
^^^^
  File "C:\Python314
\Lib\tempfile.py", 
line 385, in mkdtemp
    _os.mkdir(file, 
0o700)
    ~~~~~~~~~^^^^^^^
^^^^^^
FileNotFoundError: 
[WinError 3] The 
system cannot find 
the path specified: 
'D:\\Reliable-Alerti
ng\\results\\tmpa1cm
ifjf'

====================
====================
====================
==========
ERROR: 
test_no_overwrite (t
est_replay.TamperMal
formedTest.test_no_o
verwrite)
--------------------
--------------------
--------------------
----------
Traceback (most 
recent call last):
  File "D:\Reliable-
Alerting\tests\test_
replay.py", line 
431, in 
test_no_overwrite
    with tempfile.Te
mporaryDirectory(dir
=str(RESULTS)) as 
tmp:
         ~~~~~~~~~~~
~~~~~~~~~~~~~~~~^^^^
^^^^^^^^^^^^^^
  File "C:\Python314
\Lib\tempfile.py", 
line 907, in 
__init__
    self.name = 
mkdtemp(suffix, 
prefix, dir)
                ~~~~
~~~^^^^^^^^^^^^^^^^^
^^^^
  File "C:\Python314
\Lib\tempfile.py", 
line 385, in mkdtemp
    _os.mkdir(file, 
0o700)
    ~~~~~~~~~^^^^^^^
^^^^^^
FileNotFoundError: 
[WinError 3] The 
system cannot find 
the path specified: 
'D:\\Reliable-Alerti
ng\\results\\tmp1lbs
76lf'

====================
====================
====================
==========
ERROR: test_nonstric
t_protocol_rejected 
(test_replay.TamperM
alformedTest.test_no
nstrict_protocol_rej
ected)
--------------------
--------------------
--------------------
----------
Traceback (most 
recent call last):
  File "D:\Reliable-
Alerting\tests\test_
replay.py", line 
405, in test_nonstri
ct_protocol_rejected
    with tempfile.Te
mporaryDirectory(dir
=str(RESULTS)) as 
tmp:
         ~~~~~~~~~~~
~~~~~~~~~~~~~~~~^^^^
^^^^^^^^^^^^^^
  File "C:\Python314
\Lib\tempfile.py", 
line 907, in 
__init__
    self.name = 
mkdtemp(suffix, 
prefix, dir)
                ~~~~
~~~^^^^^^^^^^^^^^^^^
^^^^
  File "C:\Python314
\Lib\tempfile.py", 
line 385, in mkdtemp
    _os.mkdir(file, 
0o700)
    ~~~~~~~~~^^^^^^^
^^^^^^
FileNotFoundError: 
[WinError 3] The 
system cannot find 
the path specified: 
'D:\\Reliable-Alerti
ng\\results\\tmpbpx2
e5nw'

====================
====================
====================
==========
ERROR: test_schedule
_mismatch_fails_befo
re_output (test_repl
ay.TamperMalformedTe
st.test_schedule_mis
match_fails_before_o
utput)
--------------------
--------------------
--------------------
----------
Traceback (most 
recent call last):
  File "D:\Reliable-
Alerting\tests\test_
replay.py", line 
390, in test_schedul
e_mismatch_fails_bef
ore_output
    with tempfile.Te
mporaryDirectory(dir
=str(RESULTS)) as 
tmp:
         ~~~~~~~~~~~
~~~~~~~~~~~~~~~~^^^^
^^^^^^^^^^^^^^
  File "C:\Python314
\Lib\tempfile.py", 
line 907, in 
__init__
    self.name = 
mkdtemp(suffix, 
prefix, dir)
                ~~~~
~~~^^^^^^^^^^^^^^^^^
^^^^
  File "C:\Python314
\Lib\tempfile.py", 
line 385, in mkdtemp
    _os.mkdir(file, 
0o700)
    ~~~~~~~~~^^^^^^^
^^^^^^
FileNotFoundError: 
[WinError 3] The 
system cannot find 
the path specified: 
'D:\\Reliable-Alerti
ng\\results\\tmp0j9g
qfih'

====================
====================
====================
==========
ERROR: test_strict_f
ixed_validator_still
_rejects_threshold_e
quality_alert (test_
replay.TamperMalform
edTest.test_strict_f
ixed_validator_still
_rejects_threshold_e
quality_alert)
--------------------
--------------------
--------------------
----------
Traceback (most 
recent call last):
  File "D:\Reliable-
Alerting\tests\test_
replay.py", line 
419, in test_strict_
fixed_validator_stil
l_rejects_threshold_
equality_alert
    with tempfile.Te
mporaryDirectory(dir
=str(RESULTS)) as 
tmp:
         ~~~~~~~~~~~
~~~~~~~~~~~~~~~~^^^^
^^^^^^^^^^^^^^
  File "C:\Python314
\Lib\tempfile.py", 
line 907, in 
__init__
    self.name = 
mkdtemp(suffix, 
prefix, dir)
                ~~~~
~~~^^^^^^^^^^^^^^^^^
^^^^
  File "C:\Python314
\Lib\tempfile.py", 
line 385, in mkdtemp
    _os.mkdir(file, 
0o700)
    ~~~~~~~~~^^^^^^^
^^^^^^
FileNotFoundError: 
[WinError 3] The 
system cannot find 
the path specified: 
'D:\\Reliable-Alerti
ng\\results\\tmpxsx4
z5ak'

====================
====================
====================
==========
ERROR: test_tampered
_family_predictions_
detected (test_repla
y.TamperMalformedTes
t.test_tampered_fami
ly_predictions_detec
ted)
--------------------
--------------------
--------------------
----------
Traceback (most 
recent call last):
  File "D:\Reliable-
Alerting\tests\test_
replay.py", line 
370, in test_tampere
d_family_predictions
_detected
    with tempfile.Te
mporaryDirectory(dir
=str(RESULTS)) as 
tmp:
         ~~~~~~~~~~~
~~~~~~~~~~~~~~~~^^^^
^^^^^^^^^^^^^^
  File "C:\Python314
\Lib\tempfile.py", 
line 907, in 
__init__
    self.name = 
mkdtemp(suffix, 
prefix, dir)
                ~~~~
~~~^^^^^^^^^^^^^^^^^
^^^^
  File "C:\Python314
\Lib\tempfile.py", 
line 385, in mkdtemp
    _os.mkdir(file, 
0o700)
    ~~~~~~~~~^^^^^^^
^^^^^^
FileNotFoundError: 
[WinError 3] The 
system cannot find 
the path specified: 
'D:\\Reliable-Alerti
ng\\results\\tmptqny
oj3q'

====================
====================
====================
==========
FAIL: test_cli_and_e
vidence_compare_figu
re (test_evaluation_
io.CliTest.test_cli_
and_evidence_compare
_figure)
--------------------
--------------------
--------------------
----------
Traceback (most 
recent call last):
  File "D:\Reliable-
Alerting\tests\test_
evaluation_io.py", 
line 417, in test_cl
i_and_evidence_compa
re_figure
    self.assertEqual
(proc.returncode, 
0, msg=proc.stderr[-
2000:])
    ~~~~~~~~~~~~~~~~
^^^^^^^^^^^^^^^^^^^^
^^^^^^^^^^^^^^^^^^^^
^^^^^
AssertionError: 1 
!= 0 : C:\Python314\
python.exe: Error 
while finding 
module 
specification for 'r
eliable_alerting.eva
luation_io' (ModuleN
otFoundError: No 
module named 
'reliable_alerting')


====================
====================
====================
==========
FAIL: test_command_l
auncher_rerun_shell_
uses_venv_unresolved
 (test_evaluation_io
.ProvenanceTest.test
_command_launcher_re
run_shell_uses_venv_
unresolved)
--------------------
--------------------
--------------------
----------
Traceback (most 
recent call last):
  File "D:\Reliable-
Alerting\tests\test_
evaluation_io.py", 
line 359, in test_co
mmand_launcher_rerun
_shell_uses_venv_unr
esolved
    self.assertIn(".
venv", 
sys.executable)
    ~~~~~~~~~~~~~^^^
^^^^^^^^^^^^^^^^^^^^
^^
AssertionError: 
'.venv' not found 
in 'C:\\Python314\\p
ython.exe'

====================
====================
====================
==========
FAIL: test_stripped_
provenance_fails_sta
tus_but_keeps_scient
ific (test_evaluatio
n_io.ProvenanceValid
ityTest.test_strippe
d_provenance_fails_s
tatus_but_keeps_scie
ntific)
--------------------
--------------------
--------------------
----------
Traceback (most 
recent call last):
  File "D:\Reliable-
Alerting\tests\test_
evaluation_io.py", 
line 657, in test_st
ripped_provenance_fa
ils_status_but_keeps
_scientific
    self.assertTrue(
rep["scientific_equa
l"])
    ~~~~~~~~~~~~~~~^
^^^^^^^^^^^^^^^^^^^^
^^^^
AssertionError: 
False is not true

====================
====================
====================
==========
FAIL: test_distinct_
label_checksums_save
d (test_evaluation_i
o.RawIntegrityTest.t
est_distinct_label_c
hecksums_saved)
--------------------
--------------------
--------------------
----------
Traceback (most 
recent call last):
  File "D:\Reliable-
Alerting\tests\test_
evaluation_io.py", 
line 583, in test_di
stinct_label_checksu
ms_saved
    
self.assertEqual(
    
~~~~~~~~~~~~~~~~^
        meta["persis
ted_labels_file_sha2
56"],
        ^^^^^^^^^^^^
^^^^^^^^^^^^^^^^^^^^
^^^^^
        evaluation_i
o.file_sha256(str(Pa
th(out) / 
"labels.json")))
        ^^^^^^^^^^^^
^^^^^^^^^^^^^^^^^^^^
^^^^^^^^^^^^^^^^^^^^
^^^^^^
AssertionError: '6e3
ff51298d3de48d370fec
af03bb596a371f2ee692
4b725af17e76833100f2
6' != '4c77811db238e
78ad8bd5a7599f08d851
52d63dc9041ca346183e
92a07749323'
- 6e3ff51298d3de48d3
70fecaf03bb596a371f2
ee6924b725af17e76833
100f26
+ 4c77811db238e78ad8
bd5a7599f08d85152d63
dc9041ca346183e92a07
749323


====================
====================
====================
==========
FAIL: test_cli_compa
re_and_figure (test_
evidence.CompareTest
.test_cli_compare_an
d_figure)
--------------------
--------------------
--------------------
----------
Traceback (most 
recent call last):
  File "D:\Reliable-
Alerting\tests\test_
evidence.py", line 
371, in test_cli_com
pare_and_figure
    self.assertEqual
(proc.returncode, 
0, msg=proc.stderr[-
2000:])
    ~~~~~~~~~~~~~~~~
^^^^^^^^^^^^^^^^^^^^
^^^^^^^^^^^^^^^^^^^^
^^^^^
AssertionError: 1 
!= 0 : C:\Python314\
python.exe: Error 
while finding 
module 
specification for 'r
eliable_alerting.evi
dence' (ModuleNotFou
ndError: No module 
named 
'reliable_alerting')


====================
====================
====================
==========
FAIL: test_cli_write
s_expected_artifacts
 (test_pipeline.Comp
uteTraceTest.test_cl
i_writes_expected_ar
tifacts)
--------------------
--------------------
--------------------
----------
Traceback (most 
recent call last):
  File "D:\Reliable-
Alerting\tests\test_
pipeline.py", line 
313, in test_cli_wri
tes_expected_artifac
ts
    self.assertEqual
(proc.returncode, 
0, msg=proc.stderr[-
2000:])
    ~~~~~~~~~~~~~~~~
^^^^^^^^^^^^^^^^^^^^
^^^^^^^^^^^^^^^^^^^^
^^^^^
AssertionError: 1 
!= 0 : C:\Python314\
python.exe: Error 
while finding 
module 
specification for 'r
eliable_alerting.pip
eline' (ModuleNotFou
ndError: No module 
named 
'reliable_alerting')


--------------------
--------------------
--------------------
----------
Ran 187 tests in 
60.279s

FAILED (failures=6, 
errors=63)
